[2026-08-12T09:00:23Z] auto-run start: state=INIT
[2026-08-12T09:00:23Z] auto-run: running step=planner
[2026-08-12T09:00:28Z] auto-run: pre-planner rebase onto integration ok
[2026-08-12T09:00:28Z] prompt: resolved=prompts/generic/planner.md source=generic
[2026-08-12T09:00:28Z] prompt: generic fallback — injecting runs/T031/ticket.md
[2026-08-12T09:00:28Z] compose: global-context=docs/ai/global-context.md
[2026-08-12T09:00:28Z] compose: role=ai/roles/planner.md
[2026-08-12T09:00:28Z] compose: skill=ai/skills/workflow-discipline.md
[2026-08-12T09:00:28Z] compose: skill=ai/skills/architecture-discipline.md
[2026-08-12T09:00:28Z] compose: skill=ai/skills/documentation.md
[2026-08-12T09:00:28Z] compose: task (canonical prompt)
[2026-08-12T09:00:28Z] snapshot: runtime-prompt=runs/T031/prompts/planner-attempt-1.md
[2026-08-12T09:03:20Z] compose: preferring on-disk runs/T031/plan.md over chatty stdout (agent Write beat meta-report)
[2026-08-12T09:03:20Z] auto-run: step=planner done rc=0
[2026-08-12T09:17:35Z] conflict-resolver: git rebase origin/main exit=0
[2026-08-12T09:17:35Z] conflict-resolver: rebase clean — no conflicts
[2026-08-12T09:17:35Z] conflict-resolver: running tests
[2026-08-12T09:17:35Z] conflict-resolver: test-report written: runs/T031/conflict/test-report.md
[2026-08-12T09:17:35Z] conflict-resolver: staging and committing resolution artifacts
[2026-08-12T09:18:11Z] auto-run start: state=IMPLEMENTATION_APPROVED
[2026-08-12T09:18:11Z] auto-run: running step=tester
[2026-08-12T09:18:12Z] auto-run: pre-tester rebase onto integration ok
[2026-08-12T09:18:12Z] prompt: resolved=prompts/generic/tester.md source=generic
[2026-08-12T09:18:12Z] prompt: generic fallback — injecting runs/T031/ticket.md
[2026-08-12T09:18:12Z] compose: global-context=docs/ai/global-context.md
[2026-08-12T09:18:12Z] compose: role=ai/roles/tester.md
[2026-08-12T09:18:12Z] compose: skill=ai/skills/workflow-discipline.md
[2026-08-12T09:18:12Z] compose: skill=ai/skills/testing.md
[2026-08-12T09:18:12Z] compose: skill=ai/skills/debugging.md
[2026-08-12T09:18:12Z] compose: task (canonical prompt)
[2026-08-12T09:18:12Z] snapshot: runtime-prompt=runs/T031/prompts/tester-attempt-1.md
[2026-08-12T09:20:00Z] auto-run: step=tester done rc=0
[2026-08-12T09:20:00Z] auto-run: transition IMPLEMENTATION_APPROVED → TEST_COMPLETE
[2026-08-12T09:20:00Z] auto-run: auto-commit triggered (step=tester, include_code=True)
[2026-08-12T09:20:00Z] commit-checkpoint: unstaged runtime garbage: ['apps/api/node_modules/.vite/vitest/results.json', 'runs/T031/daemon.lock', 'runs/T031/runtime.log', 'runs/T031/workflow-status.md']
[2026-08-12T09:20:00Z] commit-checkpoint: sha=15aac39 files=3 title='test(T031/workflow): tester — update 3 file(s)'
[2026-08-12T09:20:00Z] auto-run: auto-push triggered
[2026-08-12T09:20:00Z] push: tolerating runtime dirty files (not blocking): ['apps/api/node_modules/.vite/vitest/results.json', 'runs/T031/daemon.lock', 'runs/T031/runtime.log', 'runs/T031/workflow-status.md']
[2026-08-12T09:20:00Z] push: pushing branch=ticket/T031-enforce-provider-item-uniqueness-for-episode-avail
[2026-08-12T09:20:02Z] push: done branch=ticket/T031-enforce-provider-item-uniqueness-for-episode-avail
[2026-08-12T09:20:02Z] auto-run: TEST_COMPLETE — running PR lifecycle
