[2026-08-12T14:11:01Z] auto-run start: state=INIT
[2026-08-12T14:11:01Z] auto-run: running step=planner
[2026-08-12T14:11:07Z] auto-run: pre-planner rebase onto integration ok
[2026-08-12T14:11:07Z] prompt: resolved=prompts/generic/planner.md source=generic
[2026-08-12T14:11:07Z] prompt: generic fallback — injecting runs/T043/ticket.md
[2026-08-12T14:11:07Z] compose: global-context=docs/ai/global-context.md
[2026-08-12T14:11:07Z] compose: role=ai/roles/planner.md
[2026-08-12T14:11:07Z] compose: skill=ai/skills/workflow-discipline.md
[2026-08-12T14:11:07Z] compose: skill=ai/skills/architecture-discipline.md
[2026-08-12T14:11:07Z] compose: skill=ai/skills/documentation.md
[2026-08-12T14:11:07Z] compose: task (canonical prompt)
[2026-08-12T14:11:07Z] snapshot: runtime-prompt=runs/T043/prompts/planner-attempt-1.md
[2026-08-12T14:15:42Z] auto-run: step=planner done rc=0
[2026-08-12T14:28:12Z] auto-run start: state=IMPLEMENTATION_APPROVED
[2026-08-12T14:28:12Z] auto-run: running step=tester
[2026-08-12T14:28:13Z] auto-run: pre-tester rebase onto integration ok
[2026-08-12T14:28:13Z] prompt: resolved=prompts/generic/tester.md source=generic
[2026-08-12T14:28:13Z] prompt: generic fallback — injecting runs/T043/ticket.md
[2026-08-12T14:28:13Z] compose: global-context=docs/ai/global-context.md
[2026-08-12T14:28:13Z] compose: role=ai/roles/tester.md
[2026-08-12T14:28:13Z] compose: skill=ai/skills/workflow-discipline.md
[2026-08-12T14:28:13Z] compose: skill=ai/skills/testing.md
[2026-08-12T14:28:13Z] compose: skill=ai/skills/debugging.md
[2026-08-12T14:28:13Z] compose: task (canonical prompt)
[2026-08-12T14:28:13Z] snapshot: runtime-prompt=runs/T043/prompts/tester-attempt-1.md
[2026-08-12T14:30:43Z] auto-run: step=tester done rc=0
[2026-08-12T14:30:43Z] auto-run: transition IMPLEMENTATION_APPROVED → TEST_COMPLETE
[2026-08-12T14:30:43Z] auto-run: auto-commit triggered (step=tester, include_code=True)
[2026-08-12T14:30:43Z] commit-checkpoint: unstaged runtime garbage: ['apps/api/node_modules/.vite/vitest/results.json', 'runs/T043/daemon.lock', 'runs/T043/runtime.log', 'runs/T043/workflow-status.md']
[2026-08-12T14:30:43Z] commit-checkpoint: sha=7d020a1 files=4 title='test(T043/workflow): tester — update 4 file(s)'
[2026-08-12T14:30:43Z] auto-run: auto-push triggered
[2026-08-12T14:30:44Z] push: tolerating runtime dirty files (not blocking): ['apps/api/node_modules/.vite/vitest/results.json', 'runs/T043/daemon.lock', 'runs/T043/runtime.log', 'runs/T043/workflow-status.md']
[2026-08-12T14:30:44Z] push: pushing branch=ticket/T043-compose-a-personalized-home-from-recommendation-ba
[2026-08-12T14:30:46Z] push: done branch=ticket/T043-compose-a-personalized-home-from-recommendation-ba
[2026-08-12T14:30:46Z] auto-run: TEST_COMPLETE — running PR lifecycle
