[2026-08-23T12:58:57Z] auto-run start: state=INIT
[2026-08-23T12:58:57Z] auto-run: running step=planner
[2026-08-23T12:58:58Z] auto-run: pre-planner rebase onto integration ok
[2026-08-23T12:58:58Z] prompt: resolved=prompts/generic/planner.md source=generic
[2026-08-23T12:58:58Z] prompt: generic fallback — injecting runs/T121/ticket.md
[2026-08-23T12:58:58Z] compose: global-context=docs/ai/global-context.md
[2026-08-23T12:58:58Z] compose: role=ai/roles/planner.md
[2026-08-23T12:58:58Z] compose: skill=ai/skills/workflow-discipline.md
[2026-08-23T12:58:58Z] compose: skill=ai/skills/architecture-discipline.md
[2026-08-23T12:58:58Z] compose: skill=ai/skills/documentation.md
[2026-08-23T12:58:58Z] compose: task (canonical prompt)
[2026-08-23T12:58:58Z] snapshot: runtime-prompt=runs/T121/prompts/planner-attempt-1.md
[2026-08-23T13:04:02Z] auto-run: step=planner done rc=0
[2026-08-23T13:31:02Z] auto-run start: state=IMPLEMENTATION_APPROVED
[2026-08-23T13:31:02Z] auto-run: running step=tester
[2026-08-23T13:31:03Z] auto-run: pre-tester rebase onto integration ok
[2026-08-23T13:31:03Z] prompt: resolved=prompts/generic/tester.md source=generic
[2026-08-23T13:31:03Z] prompt: generic fallback — injecting runs/T121/ticket.md
[2026-08-23T13:31:03Z] compose: global-context=docs/ai/global-context.md
[2026-08-23T13:31:03Z] compose: role=ai/roles/tester.md
[2026-08-23T13:31:03Z] compose: skill=ai/skills/workflow-discipline.md
[2026-08-23T13:31:03Z] compose: skill=ai/skills/testing.md
[2026-08-23T13:31:03Z] compose: skill=ai/skills/debugging.md
[2026-08-23T13:31:03Z] compose: task (canonical prompt)
[2026-08-23T13:31:03Z] snapshot: runtime-prompt=runs/T121/prompts/tester-attempt-1.md
[2026-08-23T13:35:11Z] auto-run: step=tester done rc=0
[2026-08-23T13:35:11Z] auto-run: transition IMPLEMENTATION_APPROVED → TEST_COMPLETE
[2026-08-23T13:35:11Z] auto-run: auto-commit triggered (step=tester, include_code=True)
[2026-08-23T13:35:11Z] commit-checkpoint: unstaged runtime garbage: ['apps/recommendation-engine/node_modules/.vite/vitest/results.json', 'runs/T121/daemon.lock', 'runs/T121/runtime.log', 'runs/T121/workflow-status.md']
[2026-08-23T13:35:11Z] commit-checkpoint: sha=b501f5cd files=3 title='test(T121/workflow): tester — update 3 file(s)'
[2026-08-23T13:35:11Z] auto-run: auto-push triggered
[2026-08-23T13:35:11Z] push: tolerating runtime dirty files (not blocking): ['apps/recommendation-engine/node_modules/.vite/vitest/results.json', 'runs/T121/daemon.lock', 'runs/T121/runtime.log', 'runs/T121/workflow-status.md']
[2026-08-23T13:35:11Z] push: pushing branch=ticket/T121-preserve-semantic-intent-during-score-model-v2-per
[2026-08-23T13:35:14Z] push: done branch=ticket/T121-preserve-semantic-intent-during-score-model-v2-per
[2026-08-23T13:35:14Z] auto-run: TEST_COMPLETE — running PR lifecycle
