[2026-08-14T06:50:39Z] auto-run start: state=INIT
[2026-08-14T06:50:39Z] auto-run: running step=planner
[2026-08-14T06:50:40Z] auto-run: pre-planner rebase onto integration ok
[2026-08-14T06:50:40Z] prompt: resolved=prompts/generic/planner.md source=generic
[2026-08-14T06:50:40Z] prompt: generic fallback — injecting runs/T074/ticket.md
[2026-08-14T06:50:40Z] compose: global-context=docs/ai/global-context.md
[2026-08-14T06:50:40Z] compose: role=ai/roles/planner.md
[2026-08-14T06:50:40Z] compose: skill=ai/skills/workflow-discipline.md
[2026-08-14T06:50:40Z] compose: skill=ai/skills/architecture-discipline.md
[2026-08-14T06:50:40Z] compose: skill=ai/skills/documentation.md
[2026-08-14T06:50:40Z] compose: task (canonical prompt)
[2026-08-14T06:50:40Z] snapshot: runtime-prompt=runs/T074/prompts/planner-attempt-1.md
[2026-08-14T06:56:13Z] compose: preferring on-disk runs/T074/plan.md over chatty stdout (agent Write beat meta-report)
[2026-08-14T06:56:13Z] auto-run: step=planner done rc=0
[2026-08-14T07:18:18Z] conflict-resolver: git rebase origin/main exit=0
[2026-08-14T07:18:18Z] conflict-resolver: rebase clean — no conflicts
[2026-08-14T07:18:18Z] conflict-resolver: running tests
[2026-08-14T07:18:18Z] conflict-resolver: test-report written: runs/T074/conflict/test-report.md
[2026-08-14T07:18:18Z] conflict-resolver: staging and committing resolution artifacts
[2026-08-14T07:22:18Z] auto-run start: state=IMPLEMENTATION_APPROVED
[2026-08-14T07:22:18Z] auto-run: running step=tester
[2026-08-14T07:22:20Z] auto-run: pre-tester rebase onto integration ok
[2026-08-14T07:22:20Z] prompt: resolved=prompts/generic/tester.md source=generic
[2026-08-14T07:22:20Z] prompt: generic fallback — injecting runs/T074/ticket.md
[2026-08-14T07:22:20Z] compose: global-context=docs/ai/global-context.md
[2026-08-14T07:22:20Z] compose: role=ai/roles/tester.md
[2026-08-14T07:22:20Z] compose: skill=ai/skills/workflow-discipline.md
[2026-08-14T07:22:20Z] compose: skill=ai/skills/testing.md
[2026-08-14T07:22:20Z] compose: skill=ai/skills/debugging.md
[2026-08-14T07:22:20Z] compose: task (canonical prompt)
[2026-08-14T07:22:20Z] snapshot: runtime-prompt=runs/T074/prompts/tester-attempt-1.md
[2026-08-14T07:32:25Z] auto-run: step=tester done rc=0
[2026-08-14T07:32:25Z] auto-run: transition IMPLEMENTATION_APPROVED → TEST_COMPLETE
[2026-08-14T07:32:25Z] auto-run: auto-commit triggered (step=tester, include_code=True)
[2026-08-14T07:32:26Z] commit-checkpoint: unstaged runtime garbage: ['apps/api/node_modules/.vite/vitest/results.json', 'runs/T074/daemon.lock', 'runs/T074/runtime.log', 'runs/T074/workflow-status.md']
[2026-08-14T07:32:26Z] commit-checkpoint: sha=490fd15 files=4 title='test(T074/workflow): tester — update 4 file(s)'
[2026-08-14T07:32:26Z] auto-run: auto-push triggered
[2026-08-14T07:32:26Z] push: tolerating runtime dirty files (not blocking): ['apps/api/node_modules/.vite/vitest/results.json', 'runs/T074/daemon.lock', 'runs/T074/runtime.log', 'runs/T074/workflow-status.md']
[2026-08-14T07:32:26Z] push: pushing branch=ticket/T074-populate-canonical-tv-seasons-and-episodes-from-tm
[2026-08-14T07:32:28Z] push: done branch=ticket/T074-populate-canonical-tv-seasons-and-episodes-from-tm
[2026-08-14T07:32:28Z] auto-run: TEST_COMPLETE — running PR lifecycle
