[2026-08-14T14:48:28Z] auto-run start: state=INIT
[2026-08-14T14:48:28Z] auto-run: running step=planner
[2026-08-14T14:48:29Z] auto-run: pre-planner rebase onto integration ok
[2026-08-14T14:48:30Z] prompt: resolved=prompts/generic/planner.md source=generic
[2026-08-14T14:48:30Z] prompt: generic fallback — injecting runs/T079/ticket.md
[2026-08-14T14:48:30Z] compose: global-context=docs/ai/global-context.md
[2026-08-14T14:48:30Z] compose: role=ai/roles/planner.md
[2026-08-14T14:48:30Z] compose: skill=ai/skills/workflow-discipline.md
[2026-08-14T14:48:30Z] compose: skill=ai/skills/architecture-discipline.md
[2026-08-14T14:48:30Z] compose: skill=ai/skills/documentation.md
[2026-08-14T14:48:30Z] compose: task (canonical prompt)
[2026-08-14T14:48:30Z] snapshot: runtime-prompt=runs/T079/prompts/planner-attempt-1.md
[2026-08-14T14:54:00Z] compose: preferring on-disk runs/T079/plan.md over chatty stdout (agent Write beat meta-report)
[2026-08-14T14:54:00Z] auto-run: step=planner done rc=0
[2026-08-14T15:30:58Z] auto-run start: state=IMPLEMENTATION_APPROVED
[2026-08-14T15:30:58Z] auto-run: running step=tester
[2026-08-14T15:30:59Z] auto-run: pre-tester rebase onto integration ok
[2026-08-14T15:30:59Z] prompt: resolved=prompts/generic/tester.md source=generic
[2026-08-14T15:30:59Z] prompt: generic fallback — injecting runs/T079/ticket.md
[2026-08-14T15:30:59Z] compose: global-context=docs/ai/global-context.md
[2026-08-14T15:30:59Z] compose: role=ai/roles/tester.md
[2026-08-14T15:30:59Z] compose: skill=ai/skills/workflow-discipline.md
[2026-08-14T15:30:59Z] compose: skill=ai/skills/testing.md
[2026-08-14T15:30:59Z] compose: skill=ai/skills/debugging.md
[2026-08-14T15:30:59Z] compose: task (canonical prompt)
[2026-08-14T15:30:59Z] snapshot: runtime-prompt=runs/T079/prompts/tester-attempt-2.md
[2026-08-14T15:33:07Z] auto-run: step=tester done rc=0
[2026-08-14T15:33:07Z] auto-run: transition IMPLEMENTATION_APPROVED → TEST_COMPLETE
[2026-08-14T15:33:07Z] auto-run: auto-commit triggered (step=tester, include_code=True)
[2026-08-14T15:33:07Z] commit-checkpoint: unstaged runtime garbage: ['apps/api/node_modules/.vite/vitest/results.json', 'runs/T079/daemon.lock', 'runs/T079/runtime.log', 'runs/T079/workflow-status.md']
[2026-08-14T15:33:07Z] commit-checkpoint: sha=5906e38 files=3 title='test(T079/workflow): tester — update 3 file(s)'
[2026-08-14T15:33:07Z] auto-run: auto-push triggered
[2026-08-14T15:33:07Z] push: tolerating runtime dirty files (not blocking): ['apps/api/node_modules/.vite/vitest/results.json', 'runs/T079/daemon.lock', 'runs/T079/runtime.log', 'runs/T079/workflow-status.md']
[2026-08-14T15:33:07Z] push: pushing branch=ticket/T079-fix-safari-ios-video-decode-failures-with-automati
[2026-08-14T15:33:09Z] push: done branch=ticket/T079-fix-safari-ios-video-decode-failures-with-automati
[2026-08-14T15:33:09Z] auto-run: TEST_COMPLETE — running PR lifecycle
[2026-08-14T15:34:37Z] auto-run: step=tester done rc=0
[2026-08-14T15:34:37Z] auto-run: transition IMPLEMENTATION_APPROVED → TEST_COMPLETE
[2026-08-14T15:34:37Z] auto-run: auto-commit triggered (step=tester, include_code=True)
[2026-08-14T15:34:38Z] commit-checkpoint: unstaged runtime garbage: ['runs/T079/runtime.log', 'runs/T079/workflow-status.md']
[2026-08-14T15:34:38Z] commit-checkpoint: sha=8b7ab41 files=2 title='test(T079/workflow): tester — update 2 file(s)'
[2026-08-14T15:34:38Z] auto-run: auto-push triggered
[2026-08-14T15:34:38Z] push: tolerating runtime dirty files (not blocking): ['runs/T079/runtime.log', 'runs/T079/workflow-status.md']
[2026-08-14T15:34:38Z] push: pushing branch=ticket/T079-fix-safari-ios-video-decode-failures-with-automati
[2026-08-14T15:34:40Z] push: done branch=ticket/T079-fix-safari-ios-video-decode-failures-with-automati
[2026-08-14T15:34:40Z] auto-run: TEST_COMPLETE — running PR lifecycle
[2026-08-14T15:39:29Z] conflict-resolver: [pass 2/3] conflicted=['apps/api/src/__tests__/playback-stream-compat.test.ts'] | staged=['apps/api/src/__tests__/playback-stream-compat.test.ts'] | unresolved=[] | continue_rc=1 | next_source=[]
[2026-08-14T15:39:29Z] conflict-resolver: all conflicts resolved after 2 pass(es)
[2026-08-14T15:39:29Z] conflict-resolver: running tests
[2026-08-14T15:39:29Z] conflict-resolver: test-report written: runs/T079/conflict/test-report.md
[2026-08-14T15:39:29Z] conflict-resolver: staging and committing resolution artifacts
