[2026-08-14T07:33:30Z] auto-run start: state=INIT
[2026-08-14T07:33:30Z] auto-run: running step=planner
[2026-08-14T07:33:35Z] auto-run: pre-planner rebase onto integration ok
[2026-08-14T07:33:35Z] prompt: resolved=prompts/generic/planner.md source=generic
[2026-08-14T07:33:35Z] prompt: generic fallback — injecting runs/T075/ticket.md
[2026-08-14T07:33:35Z] compose: global-context=docs/ai/global-context.md
[2026-08-14T07:33:35Z] compose: role=ai/roles/planner.md
[2026-08-14T07:33:35Z] compose: skill=ai/skills/workflow-discipline.md
[2026-08-14T07:33:35Z] compose: skill=ai/skills/architecture-discipline.md
[2026-08-14T07:33:35Z] compose: skill=ai/skills/documentation.md
[2026-08-14T07:33:35Z] compose: task (canonical prompt)
[2026-08-14T07:33:35Z] snapshot: runtime-prompt=runs/T075/prompts/planner-attempt-1.md
[2026-08-14T07:37:57Z] compose: preferring on-disk runs/T075/plan.md over chatty stdout (agent Write beat meta-report)
[2026-08-14T07:37:57Z] auto-run: step=planner done rc=0
[2026-08-14T08:03:17Z] conflict-resolver: git rebase origin/main exit=0
[2026-08-14T08:03:17Z] conflict-resolver: rebase clean — no conflicts
[2026-08-14T08:03:17Z] conflict-resolver: running tests
[2026-08-14T08:03:17Z] conflict-resolver: test-report written: runs/T075/conflict/test-report.md
[2026-08-14T08:03:17Z] conflict-resolver: staging and committing resolution artifacts
[2026-08-14T08:19:05Z] auto-run start: state=IMPLEMENTATION_APPROVED
[2026-08-14T08:19:05Z] auto-run: running step=tester
[2026-08-14T08:19:07Z] auto-run: pre-tester rebase onto integration ok
[2026-08-14T08:19:07Z] prompt: resolved=prompts/generic/tester.md source=generic
[2026-08-14T08:19:07Z] prompt: generic fallback — injecting runs/T075/ticket.md
[2026-08-14T08:19:07Z] compose: global-context=docs/ai/global-context.md
[2026-08-14T08:19:07Z] compose: role=ai/roles/tester.md
[2026-08-14T08:19:07Z] compose: skill=ai/skills/workflow-discipline.md
[2026-08-14T08:19:07Z] compose: skill=ai/skills/testing.md
[2026-08-14T08:19:07Z] compose: skill=ai/skills/debugging.md
[2026-08-14T08:19:07Z] compose: task (canonical prompt)
[2026-08-14T08:19:07Z] snapshot: runtime-prompt=runs/T075/prompts/tester-attempt-2.md
[2026-08-14T08:21:07Z] auto-run: step=tester done rc=0
[2026-08-14T08:21:07Z] auto-run: transition IMPLEMENTATION_APPROVED → TEST_COMPLETE
[2026-08-14T08:21:07Z] auto-run: auto-commit triggered (step=tester, include_code=True)
[2026-08-14T08:21:07Z] commit-checkpoint: unstaged runtime garbage: ['apps/api/node_modules/.vite/vitest/results.json', 'runs/T075/daemon.lock', 'runs/T075/runtime.log', 'runs/T075/workflow-status.md']
[2026-08-14T08:21:07Z] commit-checkpoint: sha=59a95f2 files=4 title='test(T075/workflow): tester — update 4 file(s)'
[2026-08-14T08:21:07Z] auto-run: auto-push triggered
[2026-08-14T08:21:07Z] push: tolerating runtime dirty files (not blocking): ['apps/api/node_modules/.vite/vitest/results.json', 'runs/T075/daemon.lock', 'runs/T075/runtime.log', 'runs/T075/workflow-status.md']
[2026-08-14T08:21:07Z] push: pushing branch=ticket/T075-add-canonical-similar-title-recommendations-to-eve
[2026-08-14T08:21:09Z] push: done branch=ticket/T075-add-canonical-similar-title-recommendations-to-eve
[2026-08-14T08:21:10Z] auto-run: TEST_COMPLETE — running PR lifecycle
[2026-08-14T08:22:20Z] auto-run: step=tester done rc=0
[2026-08-14T08:22:20Z] auto-run: transition IMPLEMENTATION_APPROVED → TEST_COMPLETE
[2026-08-14T08:22:20Z] auto-run: auto-commit triggered (step=tester, include_code=True)
[2026-08-14T08:22:20Z] commit-checkpoint: unstaged runtime garbage: ['runs/T075/runtime.log', 'runs/T075/workflow-status.md']
[2026-08-14T08:22:20Z] commit-checkpoint: sha=aa6c071 files=2 title='test(T075/workflow): tester — update 2 file(s)'
[2026-08-14T08:22:20Z] auto-run: auto-push triggered
[2026-08-14T08:22:20Z] push: tolerating runtime dirty files (not blocking): ['runs/T075/runtime.log', 'runs/T075/workflow-status.md']
[2026-08-14T08:22:20Z] push: pushing branch=ticket/T075-add-canonical-similar-title-recommendations-to-eve
[2026-08-14T08:22:22Z] push: done branch=ticket/T075-add-canonical-similar-title-recommendations-to-eve
[2026-08-14T08:22:22Z] auto-run: TEST_COMPLETE — running PR lifecycle
[2026-08-14T08:27:46Z] conflict-resolver: [pass 2/3] conflicted=['apps/api/src/providers/metadata/tmdb/client.ts'] | staged=['apps/api/src/providers/metadata/tmdb/client.ts'] | unresolved=[] | continue_rc=1 | next_source=[]
[2026-08-14T08:27:46Z] conflict-resolver: all conflicts resolved after 2 pass(es)
[2026-08-14T08:27:46Z] conflict-resolver: running tests
[2026-08-14T08:27:46Z] conflict-resolver: test-report written: runs/T075/conflict/test-report.md
[2026-08-14T08:27:46Z] conflict-resolver: staging and committing resolution artifacts
[2026-08-14T08:27:46Z] conflict-resolver: commit: sha=4a9e515
[2026-08-14T08:27:46Z] conflict-resolver: git push --force-with-lease origin ticket/T075-add-canonical-similar-title-recommendations-to-eve
[2026-08-14T08:27:49Z] conflict-resolver: push succeeded
[2026-08-14T08:27:49Z] conflict-resolver: state → CONFLICT_RESOLVED_REVIEW_NEEDED
[2026-08-14T08:27:49Z] auto-finalize-conflict: gate disabled for project='iptvflix'
[2026-08-14T08:27:49Z] conflict-resolver: transition CONFLICT_RESOLVED_REVIEW_NEEDED → TEST_COMPLETE (auto, PROJECT_SETTING)
[2026-08-14T08:27:49Z] auto-run: TEST_COMPLETE — running PR lifecycle
