[2026-08-12T05:07:04Z] auto-run start: state=INIT
[2026-08-12T05:07:04Z] auto-run: running step=planner
[2026-08-12T05:07:09Z] auto-run: pre-planner rebase onto integration ok
[2026-08-12T05:07:09Z] prompt: resolved=prompts/generic/planner.md source=generic
[2026-08-12T05:07:09Z] prompt: generic fallback — injecting runs/T018/ticket.md
[2026-08-12T05:07:09Z] compose: global-context=docs/ai/global-context.md
[2026-08-12T05:07:09Z] compose: role=ai/roles/planner.md
[2026-08-12T05:07:09Z] compose: skill=ai/skills/workflow-discipline.md
[2026-08-12T05:07:09Z] compose: skill=ai/skills/architecture-discipline.md
[2026-08-12T05:07:09Z] compose: skill=ai/skills/documentation.md
[2026-08-12T05:07:09Z] compose: task (canonical prompt)
[2026-08-12T05:07:09Z] snapshot: runtime-prompt=runs/T018/prompts/planner-attempt-1.md
[2026-08-12T05:13:48Z] compose: preferring on-disk runs/T018/plan.md over chatty stdout (agent Write beat meta-report)
[2026-08-12T05:13:48Z] auto-run: step=planner done rc=0
[2026-08-12T05:53:11Z] auto-run start: state=IMPLEMENTATION_APPROVED
[2026-08-12T05:53:11Z] auto-run: running step=tester
[2026-08-12T05:53:13Z] auto-run: pre-tester rebase onto integration ok
[2026-08-12T05:53:13Z] prompt: resolved=prompts/generic/tester.md source=generic
[2026-08-12T05:53:13Z] prompt: generic fallback — injecting runs/T018/ticket.md
[2026-08-12T05:53:13Z] compose: global-context=docs/ai/global-context.md
[2026-08-12T05:53:13Z] compose: role=ai/roles/tester.md
[2026-08-12T05:53:13Z] compose: skill=ai/skills/workflow-discipline.md
[2026-08-12T05:53:13Z] compose: skill=ai/skills/testing.md
[2026-08-12T05:53:13Z] compose: skill=ai/skills/debugging.md
[2026-08-12T05:53:13Z] compose: task (canonical prompt)
[2026-08-12T05:53:13Z] snapshot: runtime-prompt=runs/T018/prompts/tester-attempt-1.md
[2026-08-12T05:57:09Z] auto-run: step=tester done rc=0
[2026-08-12T05:57:09Z] auto-run: transition IMPLEMENTATION_APPROVED → TEST_COMPLETE
[2026-08-12T05:57:09Z] auto-run: auto-commit triggered (step=tester, include_code=True)
[2026-08-12T05:57:10Z] commit-checkpoint: unstaged runtime garbage: ['apps/api/node_modules/.vite/vitest/results.json', 'apps/web/node_modules/.vite/vitest/results.json', 'runs/T018/daemon.lock', 'runs/T018/runtime.log', 'runs/T018/workflow-status.md']
[2026-08-12T05:57:10Z] commit-checkpoint: sha=2a85114 files=3 title='test(T018/workflow): tester — update 3 file(s)'
[2026-08-12T05:57:10Z] auto-run: auto-push triggered
[2026-08-12T05:57:10Z] push: tolerating runtime dirty files (not blocking): ['apps/api/node_modules/.vite/vitest/results.json', 'apps/web/node_modules/.vite/vitest/results.json', 'runs/T018/daemon.lock', 'runs/T018/runtime.log', 'runs/T018/workflow-status.md']
[2026-08-12T05:57:10Z] push: pushing branch=ticket/T018-add-profile-playback-preferences-and-deterministic
[2026-08-12T05:57:12Z] push: done branch=ticket/T018-add-profile-playback-preferences-and-deterministic
[2026-08-12T05:57:12Z] auto-run: TEST_COMPLETE — running PR lifecycle
