[2026-08-11T09:16:36Z] auto-run start: state=INIT
[2026-08-11T09:16:36Z] auto-run: running step=planner
[2026-08-11T09:16:36Z] prompt: resolved=prompts/generic/planner.md source=generic
[2026-08-11T09:16:36Z] prompt: generic fallback — injecting runs/T007/ticket.md
[2026-08-11T09:16:36Z] compose: global-context=docs/ai/global-context.md
[2026-08-11T09:16:36Z] compose: role=ai/roles/planner.md
[2026-08-11T09:16:36Z] compose: skill=ai/skills/workflow-discipline.md
[2026-08-11T09:16:36Z] compose: skill=ai/skills/architecture-discipline.md
[2026-08-11T09:16:36Z] compose: skill=ai/skills/documentation.md
[2026-08-11T09:16:36Z] compose: task (canonical prompt)
[2026-08-11T09:16:36Z] snapshot: runtime-prompt=runs/T007/prompts/planner-attempt-1.md
[2026-08-11T09:23:27Z] compose: preferring on-disk runs/T007/plan.md over chatty stdout (agent Write beat meta-report)
[2026-08-11T09:23:27Z] auto-run: step=planner done rc=0
[2026-08-11T09:54:24Z] auto-run start: state=IMPLEMENTATION_APPROVED
[2026-08-11T09:54:24Z] auto-run: running step=tester
[2026-08-11T09:54:24Z] prompt: resolved=prompts/generic/tester.md source=generic
[2026-08-11T09:54:24Z] prompt: generic fallback — injecting runs/T007/ticket.md
[2026-08-11T09:54:24Z] compose: global-context=docs/ai/global-context.md
[2026-08-11T09:54:24Z] compose: role=ai/roles/tester.md
[2026-08-11T09:54:24Z] compose: skill=ai/skills/workflow-discipline.md
[2026-08-11T09:54:24Z] compose: skill=ai/skills/testing.md
[2026-08-11T09:54:24Z] compose: skill=ai/skills/debugging.md
[2026-08-11T09:54:24Z] compose: task (canonical prompt)
[2026-08-11T09:54:24Z] snapshot: runtime-prompt=runs/T007/prompts/tester-attempt-1.md
[2026-08-11T09:59:47Z] auto-run: step=tester done rc=0
[2026-08-11T09:59:47Z] auto-run: transition IMPLEMENTATION_APPROVED → TEST_COMPLETE
[2026-08-11T09:59:47Z] auto-run: auto-commit triggered (step=tester, include_code=True)
[2026-08-11T09:59:47Z] commit-checkpoint: unstaged runtime garbage: ['apps/api/node_modules/.bin/drizzle-kit', 'apps/api/node_modules/.bin/tsc', 'apps/api/node_modules/.bin/tsserver', 'apps/api/node_modules/.bin/tsx', 'apps/api/node_modules/.bin/vitest', 'apps/api/node_modules/@vitest/coverage-v8', 'apps/api/node_modules/vitest', 'apps/web/node_modules/.bin/tsc', 'apps/web/node_modules/.bin/tsserver', 'apps/web/node_modules/.bin/vite', 'apps/web/node_modules/@vitejs/plugin-react', 'apps/web/node_modules/vite', 'runs/T007/daemon.lock', 'runs/T007/runtime.log', 'runs/T007/workflow-status.md']
[2026-08-11T09:59:47Z] commit-checkpoint: sha=fd8b0c8 files=3 title='test(T007/workflow): tester — update 3 file(s)'
[2026-08-11T09:59:47Z] auto-run: auto-push triggered
[2026-08-11T09:59:47Z] push: tolerating runtime dirty files (not blocking): ['apps/api/node_modules/.bin/drizzle-kit', 'apps/api/node_modules/.bin/tsc', 'apps/api/node_modules/.bin/tsserver', 'apps/api/node_modules/.bin/tsx', 'apps/api/node_modules/.bin/vitest', 'apps/api/node_modules/@vitest/coverage-v8', 'apps/api/node_modules/vitest', 'apps/web/node_modules/.bin/tsc', 'apps/web/node_modules/.bin/tsserver', 'apps/web/node_modules/.bin/vite', 'apps/web/node_modules/@vitejs/plugin-react', 'apps/web/node_modules/vite', 'runs/T007/daemon.lock', 'runs/T007/runtime.log', 'runs/T007/workflow-status.md']
[2026-08-11T09:59:47Z] push: pushing branch=ticket/T007-build-netflix-inspired-web-experience-from-validat
[2026-08-11T09:59:49Z] push: done branch=ticket/T007-build-netflix-inspired-web-experience-from-validat
[2026-08-11T09:59:50Z] auto-run: TEST_COMPLETE — running PR lifecycle
