[2026-08-12T07:03:16Z] auto-run start: state=INIT
[2026-08-12T07:03:16Z] auto-run: running step=planner
[2026-08-12T07:03:21Z] auto-run: pre-planner rebase onto integration ok
[2026-08-12T07:03:21Z] prompt: resolved=prompts/generic/planner.md source=generic
[2026-08-12T07:03:21Z] prompt: generic fallback — injecting runs/T026/ticket.md
[2026-08-12T07:03:21Z] compose: global-context=docs/ai/global-context.md
[2026-08-12T07:03:21Z] compose: role=ai/roles/planner.md
[2026-08-12T07:03:21Z] compose: skill=ai/skills/workflow-discipline.md
[2026-08-12T07:03:21Z] compose: skill=ai/skills/architecture-discipline.md
[2026-08-12T07:03:21Z] compose: skill=ai/skills/documentation.md
[2026-08-12T07:03:21Z] compose: task (canonical prompt)
[2026-08-12T07:03:21Z] snapshot: runtime-prompt=runs/T026/prompts/planner-attempt-1.md
[2026-08-12T07:06:11Z] auto-run: step=planner done rc=0
[2026-08-12T07:22:34Z] conflict-resolver: rebase clean — no conflicts
[2026-08-12T07:22:34Z] conflict-resolver: running tests
[2026-08-12T07:22:34Z] conflict-resolver: test-report written: runs/T026/conflict/test-report.md
[2026-08-12T07:22:34Z] conflict-resolver: staging and committing resolution artifacts
[2026-08-12T07:22:34Z] conflict-resolver: commit: sha=6f29ce6
[2026-08-12T07:22:34Z] conflict-resolver: git push --force-with-lease origin ticket/T026-fix-dynamic-shelf-availability-filtering-and-unsup
[2026-08-12T07:22:36Z] conflict-resolver: push succeeded
[2026-08-12T07:22:37Z] conflict-resolver: state → CONFLICT_RESOLVED_REVIEW_NEEDED
[2026-08-12T07:22:37Z] auto-finalize-conflict: gate disabled for project='iptvflix'
[2026-08-12T07:22:37Z] conflict-resolver: transition CONFLICT_RESOLVED_REVIEW_NEEDED → TEST_COMPLETE (auto, PROJECT_SETTING)
[2026-08-12T07:22:37Z] auto-run: TEST_COMPLETE — running PR lifecycle
