[2026-08-12T05:57:36Z] auto-run start: state=INIT
[2026-08-12T05:57:36Z] auto-run: running step=planner
[2026-08-12T05:57:42Z] auto-run: pre-planner rebase onto integration ok
[2026-08-12T05:57:42Z] prompt: resolved=prompts/generic/planner.md source=generic
[2026-08-12T05:57:42Z] prompt: generic fallback — injecting runs/T022/ticket.md
[2026-08-12T05:57:42Z] compose: global-context=docs/ai/global-context.md
[2026-08-12T05:57:42Z] compose: role=ai/roles/planner.md
[2026-08-12T05:57:42Z] compose: skill=ai/skills/workflow-discipline.md
[2026-08-12T05:57:42Z] compose: skill=ai/skills/architecture-discipline.md
[2026-08-12T05:57:42Z] compose: skill=ai/skills/documentation.md
[2026-08-12T05:57:42Z] compose: task (canonical prompt)
[2026-08-12T05:57:42Z] snapshot: runtime-prompt=runs/T022/prompts/planner-attempt-1.md
[2026-08-12T06:02:15Z] compose: preferring on-disk runs/T022/plan.md over chatty stdout (agent Write beat meta-report)
[2026-08-12T06:02:15Z] auto-run: step=planner done rc=0
[2026-08-12T06:27:46Z] auto-run start: state=IMPLEMENTATION_APPROVED
[2026-08-12T06:27:46Z] auto-run: running step=tester
[2026-08-12T06:27:48Z] auto-run: pre-tester rebase onto integration ok
[2026-08-12T06:27:48Z] prompt: resolved=prompts/generic/tester.md source=generic
[2026-08-12T06:27:48Z] prompt: generic fallback — injecting runs/T022/ticket.md
[2026-08-12T06:27:48Z] compose: global-context=docs/ai/global-context.md
[2026-08-12T06:27:48Z] compose: role=ai/roles/tester.md
[2026-08-12T06:27:48Z] compose: skill=ai/skills/workflow-discipline.md
[2026-08-12T06:27:48Z] compose: skill=ai/skills/testing.md
[2026-08-12T06:27:48Z] compose: skill=ai/skills/debugging.md
[2026-08-12T06:27:48Z] compose: task (canonical prompt)
[2026-08-12T06:27:48Z] snapshot: runtime-prompt=runs/T022/prompts/tester-attempt-2.md
[2026-08-12T06:28:50Z] auto-run: step=tester done rc=0
[2026-08-12T06:28:50Z] auto-run: transition IMPLEMENTATION_APPROVED → TEST_COMPLETE
[2026-08-12T06:28:50Z] auto-run: auto-commit triggered (step=tester, include_code=True)
[2026-08-12T06:28:51Z] commit-checkpoint: unstaged runtime garbage: ['runs/T022/daemon.lock', 'runs/T022/runtime.log', 'runs/T022/workflow-status.md']
[2026-08-12T06:28:51Z] commit-checkpoint: sha=0ab95ca files=4 title='test(T022/workflow): tester — update 4 file(s)'
[2026-08-12T06:28:51Z] auto-run: auto-push triggered
[2026-08-12T06:28:51Z] push: tolerating runtime dirty files (not blocking): ['runs/T022/daemon.lock', 'runs/T022/runtime.log', 'runs/T022/workflow-status.md']
[2026-08-12T06:28:51Z] push: pushing branch=ticket/T022-build-unified-series-season-and-episode-availabili
[2026-08-12T06:28:53Z] push: done branch=ticket/T022-build-unified-series-season-and-episode-availabili
[2026-08-12T06:28:53Z] auto-run: TEST_COMPLETE — running PR lifecycle
[2026-08-12T06:31:08Z] auto-run: step=tester done rc=0
[2026-08-12T06:31:08Z] auto-run: transition IMPLEMENTATION_APPROVED → TEST_COMPLETE
[2026-08-12T06:31:08Z] auto-run: auto-commit triggered (step=tester, include_code=True)
[2026-08-12T06:31:08Z] commit-checkpoint: unstaged runtime garbage: ['apps/api/node_modules/.vite/vitest/results.json', 'apps/web/node_modules/.vite/vitest/results.json', 'runs/T022/runtime.log', 'runs/T022/workflow-status.md']
[2026-08-12T06:31:08Z] commit-checkpoint: sha=4afb5e0 files=3 title='test(T022/workflow): tester — update 3 file(s)'
[2026-08-12T06:31:08Z] auto-run: auto-push triggered
[2026-08-12T06:31:08Z] push: tolerating runtime dirty files (not blocking): ['apps/api/node_modules/.vite/vitest/results.json', 'apps/web/node_modules/.vite/vitest/results.json', 'runs/T022/runtime.log', 'runs/T022/workflow-status.md']
[2026-08-12T06:31:08Z] push: pushing branch=ticket/T022-build-unified-series-season-and-episode-availabili
[2026-08-12T06:31:10Z] push: done branch=ticket/T022-build-unified-series-season-and-episode-availabili
[2026-08-12T06:31:10Z] auto-run: TEST_COMPLETE — running PR lifecycle
[2026-08-12T06:35:02Z] conflict-resolver: [pass 2/3] conflicted=['apps/api/src/routes/catalog.test.ts'] | staged=['apps/api/src/routes/catalog.test.ts'] | unresolved=[] | continue_rc=1 | next_source=[]
[2026-08-12T06:35:02Z] conflict-resolver: all conflicts resolved after 2 pass(es)
[2026-08-12T06:35:02Z] conflict-resolver: running tests
[2026-08-12T06:35:02Z] conflict-resolver: test-report written: runs/T022/conflict/test-report.md
[2026-08-12T06:35:02Z] conflict-resolver: staging and committing resolution artifacts
