[2026-08-14T13:32:36Z] auto-run start: state=INIT
[2026-08-14T13:32:36Z] auto-run: running step=planner
[2026-08-14T13:32:42Z] auto-run: pre-planner rebase onto integration ok
[2026-08-14T13:32:42Z] prompt: resolved=prompts/generic/planner.md source=generic
[2026-08-14T13:32:42Z] prompt: generic fallback — injecting runs/T078/ticket.md
[2026-08-14T13:32:42Z] compose: global-context=docs/ai/global-context.md
[2026-08-14T13:32:42Z] compose: role=ai/roles/planner.md
[2026-08-14T13:32:42Z] compose: skill=ai/skills/workflow-discipline.md
[2026-08-14T13:32:42Z] compose: skill=ai/skills/architecture-discipline.md
[2026-08-14T13:32:42Z] compose: skill=ai/skills/documentation.md
[2026-08-14T13:32:42Z] compose: task (canonical prompt)
[2026-08-14T13:32:42Z] snapshot: runtime-prompt=runs/T078/prompts/planner-attempt-1.md
[2026-08-14T13:37:25Z] compose: preferring on-disk runs/T078/plan.md over chatty stdout (agent Write beat meta-report)
[2026-08-14T13:37:25Z] auto-run: step=planner done rc=0
[2026-08-14T13:38:58Z] conflict-resolver: git rebase origin/main exit=0
[2026-08-14T13:38:58Z] conflict-resolver: rebase clean — no conflicts
[2026-08-14T13:38:58Z] conflict-resolver: running tests
[2026-08-14T13:38:58Z] conflict-resolver: test-report written: runs/T078/conflict/test-report.md
[2026-08-14T13:38:58Z] conflict-resolver: staging and committing resolution artifacts
[2026-08-14T14:24:07Z] auto-run start: state=IMPLEMENTATION_APPROVED
[2026-08-14T14:24:08Z] auto-run: running step=tester
[2026-08-14T14:24:09Z] auto-run: pre-tester rebase onto integration ok
[2026-08-14T14:24:09Z] prompt: resolved=prompts/generic/tester.md source=generic
[2026-08-14T14:24:09Z] prompt: generic fallback — injecting runs/T078/ticket.md
[2026-08-14T14:24:09Z] compose: global-context=docs/ai/global-context.md
[2026-08-14T14:24:09Z] compose: role=ai/roles/tester.md
[2026-08-14T14:24:09Z] compose: skill=ai/skills/workflow-discipline.md
[2026-08-14T14:24:09Z] compose: skill=ai/skills/testing.md
[2026-08-14T14:24:09Z] compose: skill=ai/skills/debugging.md
[2026-08-14T14:24:09Z] compose: task (canonical prompt)
[2026-08-14T14:24:09Z] snapshot: runtime-prompt=runs/T078/prompts/tester-attempt-1.md
[2026-08-14T14:30:34Z] auto-run: step=tester done rc=0
[2026-08-14T14:30:34Z] auto-run: transition IMPLEMENTATION_APPROVED → TEST_COMPLETE
[2026-08-14T14:30:34Z] auto-run: auto-commit triggered (step=tester, include_code=True)
[2026-08-14T14:30:34Z] commit-checkpoint: unstaged runtime garbage: ['apps/api/node_modules/.vite/vitest/results.json', 'runs/T078/daemon.lock', 'runs/T078/runtime.log', 'runs/T078/workflow-status.md']
[2026-08-14T14:30:34Z] commit-checkpoint: sha=1e5801b files=3 title='test(T078/workflow): tester — update 3 file(s)'
[2026-08-14T14:30:34Z] auto-run: auto-push triggered
[2026-08-14T14:30:34Z] push: tolerating runtime dirty files (not blocking): ['apps/api/node_modules/.vite/vitest/results.json', 'runs/T078/daemon.lock', 'runs/T078/runtime.log', 'runs/T078/workflow-status.md']
[2026-08-14T14:30:34Z] push: pushing branch=ticket/T078-make-web-playback-actually-play-resolved-xtream-st
[2026-08-14T14:30:36Z] push: done branch=ticket/T078-make-web-playback-actually-play-resolved-xtream-st
[2026-08-14T14:30:37Z] auto-run: TEST_COMPLETE — running PR lifecycle
