[2026-08-12T12:54:21Z] auto-run start: state=INIT
[2026-08-12T12:54:21Z] auto-run: running step=planner
[2026-08-12T12:54:26Z] auto-run: pre-planner rebase onto integration ok
[2026-08-12T12:54:27Z] prompt: resolved=prompts/generic/planner.md source=generic
[2026-08-12T12:54:27Z] prompt: generic fallback — injecting runs/T042/ticket.md
[2026-08-12T12:54:27Z] compose: global-context=docs/ai/global-context.md
[2026-08-12T12:54:27Z] compose: role=ai/roles/planner.md
[2026-08-12T12:54:27Z] compose: skill=ai/skills/workflow-discipline.md
[2026-08-12T12:54:27Z] compose: skill=ai/skills/architecture-discipline.md
[2026-08-12T12:54:27Z] compose: skill=ai/skills/documentation.md
[2026-08-12T12:54:27Z] compose: task (canonical prompt)
[2026-08-12T12:54:27Z] snapshot: runtime-prompt=runs/T042/prompts/planner-attempt-1.md
[2026-08-12T12:57:49Z] compose: preferring on-disk runs/T042/plan.md over chatty stdout (agent Write beat meta-report)
[2026-08-12T12:57:49Z] auto-run: step=planner done rc=0
[2026-08-12T13:17:20Z] conflict-resolver: git rebase origin/main exit=0
[2026-08-12T13:17:20Z] conflict-resolver: rebase clean — no conflicts
[2026-08-12T13:17:20Z] conflict-resolver: running tests
[2026-08-12T13:17:20Z] conflict-resolver: test-report written: runs/T042/conflict/test-report.md
[2026-08-12T13:17:20Z] conflict-resolver: staging and committing resolution artifacts
[2026-08-12T13:45:29Z] auto-run start: state=IMPLEMENTATION_APPROVED
[2026-08-12T13:45:29Z] auto-run: running step=tester
[2026-08-12T13:45:31Z] auto-run: pre-tester rebase onto integration ok
[2026-08-12T13:45:31Z] prompt: resolved=prompts/generic/tester.md source=generic
[2026-08-12T13:45:31Z] prompt: generic fallback — injecting runs/T042/ticket.md
[2026-08-12T13:45:31Z] compose: global-context=docs/ai/global-context.md
[2026-08-12T13:45:31Z] compose: role=ai/roles/tester.md
[2026-08-12T13:45:31Z] compose: skill=ai/skills/workflow-discipline.md
[2026-08-12T13:45:31Z] compose: skill=ai/skills/testing.md
[2026-08-12T13:45:31Z] compose: skill=ai/skills/debugging.md
[2026-08-12T13:45:31Z] compose: task (canonical prompt)
[2026-08-12T13:45:31Z] snapshot: runtime-prompt=runs/T042/prompts/tester-attempt-1.md
[2026-08-12T13:49:44Z] auto-run: step=tester done rc=0
[2026-08-12T13:49:44Z] auto-run: transition IMPLEMENTATION_APPROVED → TEST_COMPLETE
[2026-08-12T13:49:44Z] auto-run: auto-commit triggered (step=tester, include_code=True)
[2026-08-12T13:49:44Z] commit-checkpoint: unstaged runtime garbage: ['apps/api/node_modules/.vite/vitest/results.json', 'runs/T042/daemon.lock', 'runs/T042/runtime.log', 'runs/T042/workflow-status.md']
[2026-08-12T13:49:44Z] commit-checkpoint: sha=f5b2a78 files=3 title='test(T042/workflow): tester — update 3 file(s)'
[2026-08-12T13:49:44Z] auto-run: auto-push triggered
[2026-08-12T13:49:44Z] push: tolerating runtime dirty files (not blocking): ['apps/api/node_modules/.vite/vitest/results.json', 'runs/T042/daemon.lock', 'runs/T042/runtime.log', 'runs/T042/workflow-status.md']
[2026-08-12T13:49:44Z] push: pushing branch=ticket/T042-generate-personalized-shelves-from-seed-media-and
[2026-08-12T13:49:46Z] push: done branch=ticket/T042-generate-personalized-shelves-from-seed-media-and
[2026-08-12T13:49:47Z] auto-run: TEST_COMPLETE — running PR lifecycle
