[2026-08-17T18:53:47Z] auto-run start: state=INIT
[2026-08-17T18:53:47Z] auto-run: running step=planner
[2026-08-17T18:53:48Z] auto-run: pre-planner rebase onto integration ok
[2026-08-17T18:53:48Z] prompt: resolved=prompts/generic/planner.md source=generic
[2026-08-17T18:53:48Z] prompt: generic fallback — injecting runs/T088/ticket.md
[2026-08-17T18:53:48Z] compose: global-context=docs/ai/global-context.md
[2026-08-17T18:53:48Z] compose: role=ai/roles/planner.md
[2026-08-17T18:53:48Z] compose: skill=ai/skills/workflow-discipline.md
[2026-08-17T18:53:48Z] compose: skill=ai/skills/architecture-discipline.md
[2026-08-17T18:53:48Z] compose: skill=ai/skills/documentation.md
[2026-08-17T18:53:48Z] compose: task (canonical prompt)
[2026-08-17T18:53:48Z] snapshot: runtime-prompt=runs/T088/prompts/planner-attempt-1.md
[2026-08-17T19:00:18Z] auto-run: step=planner done rc=0
[2026-08-17T19:39:30Z] auto-run start: state=IMPLEMENTATION_APPROVED
[2026-08-17T19:39:30Z] auto-run: running step=tester
[2026-08-17T19:39:31Z] auto-run: pre-tester rebase onto integration ok
[2026-08-17T19:39:32Z] prompt: resolved=prompts/generic/tester.md source=generic
[2026-08-17T19:39:32Z] prompt: generic fallback — injecting runs/T088/ticket.md
[2026-08-17T19:39:32Z] compose: global-context=docs/ai/global-context.md
[2026-08-17T19:39:32Z] compose: role=ai/roles/tester.md
[2026-08-17T19:39:32Z] compose: skill=ai/skills/workflow-discipline.md
[2026-08-17T19:39:32Z] compose: skill=ai/skills/testing.md
[2026-08-17T19:39:32Z] compose: skill=ai/skills/debugging.md
[2026-08-17T19:39:32Z] compose: task (canonical prompt)
[2026-08-17T19:39:32Z] snapshot: runtime-prompt=runs/T088/prompts/tester-attempt-1.md
[2026-08-17T19:45:30Z] auto-run: step=tester done rc=0
[2026-08-17T19:45:30Z] auto-run: transition IMPLEMENTATION_APPROVED → TEST_COMPLETE
[2026-08-17T19:45:30Z] auto-run: auto-commit triggered (step=tester, include_code=True)
[2026-08-17T19:45:30Z] commit-checkpoint: unstaged runtime garbage: ['apps/web/node_modules/.vite/vitest/results.json', 'runs/T088/daemon.lock', 'runs/T088/runtime.log', 'runs/T088/workflow-status.md']
[2026-08-17T19:45:30Z] commit-checkpoint: sha=ecd2851 files=5 title='test(T088/dashboard,workflow): tester — update 5 file(s)'
[2026-08-17T19:45:30Z] auto-run: auto-push triggered
[2026-08-17T19:45:31Z] push: tolerating runtime dirty files (not blocking): ['apps/web/node_modules/.vite/vitest/results.json', 'runs/T088/daemon.lock', 'runs/T088/runtime.log', 'runs/T088/workflow-status.md']
[2026-08-17T19:45:31Z] push: pushing branch=ticket/T088-build-complete-vod-player-controls-seek-pause-audi
[2026-08-17T19:45:33Z] push: done branch=ticket/T088-build-complete-vod-player-controls-seek-pause-audi
[2026-08-17T19:45:33Z] auto-run: TEST_COMPLETE — running PR lifecycle
