[2026-08-12T23:14:26Z] auto-run start: state=INIT
[2026-08-12T23:14:26Z] auto-run: running step=planner
[2026-08-12T23:14:31Z] auto-run: pre-planner rebase onto integration ok
[2026-08-12T23:14:31Z] prompt: resolved=prompts/generic/planner.md source=generic
[2026-08-12T23:14:31Z] prompt: generic fallback — injecting runs/T047/ticket.md
[2026-08-12T23:14:31Z] compose: global-context=docs/ai/global-context.md
[2026-08-12T23:14:31Z] compose: role=ai/roles/planner.md
[2026-08-12T23:14:31Z] compose: skill=ai/skills/workflow-discipline.md
[2026-08-12T23:14:31Z] compose: skill=ai/skills/architecture-discipline.md
[2026-08-12T23:14:31Z] compose: skill=ai/skills/documentation.md
[2026-08-12T23:14:31Z] compose: task (canonical prompt)
[2026-08-12T23:14:31Z] snapshot: runtime-prompt=runs/T047/prompts/planner-attempt-1.md
[2026-08-12T23:18:04Z] compose: preferring on-disk runs/T047/plan.md over chatty stdout (agent Write beat meta-report)
[2026-08-12T23:18:04Z] auto-run: step=planner done rc=0
[2026-08-12T23:26:57Z] auto-run start: state=IMPLEMENTATION_APPROVED
[2026-08-12T23:26:57Z] auto-run: running step=tester
[2026-08-12T23:26:59Z] auto-run: pre-tester rebase onto integration ok
[2026-08-12T23:26:59Z] prompt: resolved=prompts/generic/tester.md source=generic
[2026-08-12T23:26:59Z] prompt: generic fallback — injecting runs/T047/ticket.md
[2026-08-12T23:26:59Z] compose: global-context=docs/ai/global-context.md
[2026-08-12T23:26:59Z] compose: role=ai/roles/tester.md
[2026-08-12T23:26:59Z] compose: skill=ai/skills/workflow-discipline.md
[2026-08-12T23:26:59Z] compose: skill=ai/skills/testing.md
[2026-08-12T23:26:59Z] compose: skill=ai/skills/debugging.md
[2026-08-12T23:26:59Z] compose: task (canonical prompt)
[2026-08-12T23:26:59Z] snapshot: runtime-prompt=runs/T047/prompts/tester-attempt-1.md
[2026-08-12T23:30:01Z] auto-run: step=tester done rc=0
[2026-08-12T23:30:01Z] auto-run: transition IMPLEMENTATION_APPROVED → TEST_COMPLETE
[2026-08-12T23:30:01Z] auto-run: auto-commit triggered (step=tester, include_code=True)
[2026-08-12T23:30:01Z] commit-checkpoint: unstaged runtime garbage: ['runs/T047/daemon.lock', 'runs/T047/runtime.log', 'runs/T047/workflow-status.md']
[2026-08-12T23:30:01Z] commit-checkpoint: sha=f0e2a94 files=3 title='test(T047/workflow): tester — update 3 file(s)'
[2026-08-12T23:30:01Z] auto-run: auto-push triggered
[2026-08-12T23:30:01Z] push: tolerating runtime dirty files (not blocking): ['runs/T047/daemon.lock', 'runs/T047/runtime.log', 'runs/T047/workflow-status.md']
[2026-08-12T23:30:01Z] push: pushing branch=ticket/T047-make-railway-vercel-staging-deployment-reproducibl
[2026-08-12T23:30:03Z] push: done branch=ticket/T047-make-railway-vercel-staging-deployment-reproducibl
[2026-08-12T23:30:04Z] auto-run: TEST_COMPLETE — running PR lifecycle
