[2026-09-03T07:26:32Z] auto-run start: state=INIT
[2026-09-03T07:26:32Z] auto-run: running step=planner
[2026-09-03T07:26:34Z] auto-run: pre-planner rebase onto integration ok
[2026-09-03T07:26:34Z] prompt: resolved=prompts/generic/planner.md source=generic
[2026-09-03T07:26:34Z] prompt: generic fallback — injecting runs/T139/ticket.md
[2026-09-03T07:26:34Z] compose: global-context=docs/ai/global-context.md
[2026-09-03T07:26:34Z] compose: role=ai/roles/planner.md
[2026-09-03T07:26:34Z] compose: skill=ai/skills/workflow-discipline.md
[2026-09-03T07:26:34Z] compose: skill=ai/skills/architecture-discipline.md
[2026-09-03T07:26:34Z] compose: skill=ai/skills/documentation.md
[2026-09-03T07:26:34Z] compose: task (canonical prompt)
[2026-09-03T07:26:34Z] snapshot: runtime-prompt=runs/T139/prompts/planner-attempt-1.md
[2026-09-03T07:32:36Z] compose: preferring on-disk runs/T139/plan.md over chatty stdout (agent Write beat meta-report)
[2026-09-03T07:32:36Z] auto-run: step=planner done rc=0
[2026-09-03T08:15:20Z] auto-run start: state=IMPLEMENTATION_APPROVED
[2026-09-03T08:15:20Z] auto-run: running step=tester
[2026-09-03T08:15:22Z] auto-run: pre-tester rebase onto integration ok
[2026-09-03T08:15:22Z] prompt: resolved=prompts/generic/tester.md source=generic
[2026-09-03T08:15:22Z] prompt: generic fallback — injecting runs/T139/ticket.md
[2026-09-03T08:15:22Z] compose: global-context=docs/ai/global-context.md
[2026-09-03T08:15:22Z] compose: role=ai/roles/tester.md
[2026-09-03T08:15:22Z] compose: skill=ai/skills/workflow-discipline.md
[2026-09-03T08:15:22Z] compose: skill=ai/skills/testing.md
[2026-09-03T08:15:22Z] compose: skill=ai/skills/debugging.md
[2026-09-03T08:15:22Z] compose: task (canonical prompt)
[2026-09-03T08:15:22Z] snapshot: runtime-prompt=runs/T139/prompts/tester-attempt-1.md
[2026-09-03T08:22:34Z] auto-run: step=tester done rc=0
[2026-09-03T08:22:34Z] auto-run: transition IMPLEMENTATION_APPROVED → TEST_COMPLETE
[2026-09-03T08:22:34Z] auto-run: auto-commit triggered (step=tester, include_code=True)
[2026-09-03T08:22:34Z] commit-checkpoint: unstaged runtime garbage: ['apps/api/node_modules/.vite/vitest/results.json', 'node_modules', 'runs/T139/daemon.lock', 'runs/T139/runtime.log', 'runs/T139/workflow-status.md']
[2026-09-03T08:22:34Z] commit-checkpoint: sha=57ca9423 files=3 title='test(T139/workflow): tester — update 3 file(s)'
[2026-09-03T08:22:34Z] auto-run: auto-push triggered
[2026-09-03T08:22:34Z] push: tolerating runtime dirty files (not blocking): ['apps/api/node_modules/.vite/vitest/results.json', 'runs/T139/daemon.lock', 'runs/T139/runtime.log', 'runs/T139/workflow-status.md', 'node_modules']
[2026-09-03T08:22:34Z] push: pushing branch=ticket/T139-add-mandatory-new-releases-shelves-to-home-movies
[2026-09-03T08:22:37Z] push: done branch=ticket/T139-add-mandatory-new-releases-shelves-to-home-movies
[2026-09-03T08:22:37Z] auto-run: TEST_COMPLETE — running PR lifecycle
