[2026-08-23T09:56:40Z] auto-run start: state=INIT
[2026-08-23T09:56:40Z] auto-run: running step=planner
[2026-08-23T09:56:41Z] auto-run: pre-planner rebase onto integration ok
[2026-08-23T09:56:41Z] prompt: resolved=prompts/generic/planner.md source=generic
[2026-08-23T09:56:41Z] prompt: generic fallback — injecting runs/T120/ticket.md
[2026-08-23T09:56:41Z] compose: global-context=docs/ai/global-context.md
[2026-08-23T09:56:41Z] compose: role=ai/roles/planner.md
[2026-08-23T09:56:41Z] compose: skill=ai/skills/workflow-discipline.md
[2026-08-23T09:56:41Z] compose: skill=ai/skills/architecture-discipline.md
[2026-08-23T09:56:41Z] compose: skill=ai/skills/documentation.md
[2026-08-23T09:56:41Z] compose: task (canonical prompt)
[2026-08-23T09:56:41Z] snapshot: runtime-prompt=runs/T120/prompts/planner-attempt-1.md
[2026-08-23T10:01:46Z] compose: preferring on-disk runs/T120/plan.md over chatty stdout (agent Write beat meta-report)
[2026-08-23T10:01:46Z] auto-run: step=planner done rc=0
[2026-08-23T10:31:02Z] auto-run start: state=IMPLEMENTATION_APPROVED
[2026-08-23T10:31:02Z] auto-run: running step=tester
[2026-08-23T10:31:04Z] auto-run: pre-tester rebase onto integration ok
[2026-08-23T10:31:04Z] prompt: resolved=prompts/generic/tester.md source=generic
[2026-08-23T10:31:04Z] prompt: generic fallback — injecting runs/T120/ticket.md
[2026-08-23T10:31:04Z] compose: global-context=docs/ai/global-context.md
[2026-08-23T10:31:04Z] compose: role=ai/roles/tester.md
[2026-08-23T10:31:04Z] compose: skill=ai/skills/workflow-discipline.md
[2026-08-23T10:31:04Z] compose: skill=ai/skills/testing.md
[2026-08-23T10:31:04Z] compose: skill=ai/skills/debugging.md
[2026-08-23T10:31:04Z] compose: task (canonical prompt)
[2026-08-23T10:31:04Z] snapshot: runtime-prompt=runs/T120/prompts/tester-attempt-1.md
[2026-08-23T10:39:41Z] auto-run: step=tester done rc=0
[2026-08-23T10:39:41Z] auto-run: transition IMPLEMENTATION_APPROVED → TEST_COMPLETE
[2026-08-23T10:39:41Z] auto-run: auto-commit triggered (step=tester, include_code=True)
[2026-08-23T10:39:41Z] commit-checkpoint: unstaged runtime garbage: ['apps/api/node_modules/.vite/vitest/results.json', 'runs/T120/daemon.lock', 'runs/T120/runtime.log', 'runs/T120/workflow-status.md']
[2026-08-23T10:39:41Z] commit-checkpoint: sha=40f662ca files=3 title='test(T120/workflow): tester — update 3 file(s)'
[2026-08-23T10:39:41Z] auto-run: auto-push triggered
[2026-08-23T10:39:41Z] push: tolerating runtime dirty files (not blocking): ['apps/api/node_modules/.vite/vitest/results.json', 'runs/T120/daemon.lock', 'runs/T120/runtime.log', 'runs/T120/workflow-status.md']
[2026-08-23T10:39:41Z] push: pushing branch=ticket/T120-semantic-retrieval-still-returns-0-after-254-fix-r
[2026-08-23T10:39:43Z] push: done branch=ticket/T120-semantic-retrieval-still-returns-0-after-254-fix-r
[2026-08-23T10:39:43Z] auto-run: TEST_COMPLETE — running PR lifecycle
