[2026-08-11T16:53:48Z] auto-run start: state=INIT
[2026-08-11T16:53:48Z] auto-run: running step=planner
[2026-08-11T16:53:53Z] auto-run: pre-planner rebase onto integration ok
[2026-08-11T16:53:53Z] prompt: resolved=prompts/generic/planner.md source=generic
[2026-08-11T16:53:53Z] prompt: generic fallback — injecting runs/T016/ticket.md
[2026-08-11T16:53:53Z] compose: global-context=docs/ai/global-context.md
[2026-08-11T16:53:53Z] compose: role=ai/roles/planner.md
[2026-08-11T16:53:53Z] compose: skill=ai/skills/workflow-discipline.md
[2026-08-11T16:53:53Z] compose: skill=ai/skills/architecture-discipline.md
[2026-08-11T16:53:53Z] compose: skill=ai/skills/documentation.md
[2026-08-11T16:53:53Z] compose: task (canonical prompt)
[2026-08-11T16:53:53Z] snapshot: runtime-prompt=runs/T016/prompts/planner-attempt-1.md
[2026-08-11T16:57:58Z] auto-run: step=planner done rc=0
[2026-08-11T17:25:01Z] auto-run start: state=IMPLEMENTATION_APPROVED
[2026-08-11T17:25:01Z] auto-run: running step=tester
[2026-08-11T17:25:02Z] auto-run: pre-tester rebase onto integration ok
[2026-08-11T17:25:02Z] prompt: resolved=prompts/generic/tester.md source=generic
[2026-08-11T17:25:02Z] prompt: generic fallback — injecting runs/T016/ticket.md
[2026-08-11T17:25:02Z] compose: global-context=docs/ai/global-context.md
[2026-08-11T17:25:02Z] compose: role=ai/roles/tester.md
[2026-08-11T17:25:02Z] compose: skill=ai/skills/workflow-discipline.md
[2026-08-11T17:25:02Z] compose: skill=ai/skills/testing.md
[2026-08-11T17:25:02Z] compose: skill=ai/skills/debugging.md
[2026-08-11T17:25:02Z] compose: task (canonical prompt)
[2026-08-11T17:25:02Z] snapshot: runtime-prompt=runs/T016/prompts/tester-attempt-1.md
[2026-08-11T17:26:19Z] auto-run: step=tester done rc=0
[2026-08-11T17:26:19Z] auto-run: transition IMPLEMENTATION_APPROVED → TEST_COMPLETE
[2026-08-11T17:26:19Z] auto-run: auto-commit triggered (step=tester, include_code=True)
[2026-08-11T17:26:19Z] commit-checkpoint: unstaged runtime garbage: ['apps/api/node_modules/.vite/vitest/results.json', 'runs/T016/daemon.lock', 'runs/T016/runtime.log', 'runs/T016/workflow-status.md']
[2026-08-11T17:26:19Z] commit-checkpoint: sha=8c8caf0 files=3 title='test(T016/workflow): tester — update 3 file(s)'
[2026-08-11T17:26:19Z] auto-run: auto-push triggered
[2026-08-11T17:26:19Z] push: tolerating runtime dirty files (not blocking): ['apps/api/node_modules/.vite/vitest/results.json', 'runs/T016/daemon.lock', 'runs/T016/runtime.log', 'runs/T016/workflow-status.md']
[2026-08-11T17:26:19Z] push: pushing branch=ticket/T016-evolve-the-canonical-catalog-to-support-media-with
[2026-08-11T17:26:21Z] push: done branch=ticket/T016-evolve-the-canonical-catalog-to-support-media-with
[2026-08-11T17:26:22Z] auto-run: TEST_COMPLETE — running PR lifecycle
