[2026-08-12T10:56:49Z] auto-run start: state=INIT
[2026-08-12T10:56:49Z] auto-run: running step=planner
[2026-08-12T10:56:50Z] auto-run: pre-planner rebase onto integration ok
[2026-08-12T10:56:50Z] prompt: resolved=prompts/generic/planner.md source=generic
[2026-08-12T10:56:50Z] prompt: generic fallback — injecting runs/T037/ticket.md
[2026-08-12T10:56:50Z] compose: global-context=docs/ai/global-context.md
[2026-08-12T10:56:50Z] compose: role=ai/roles/planner.md
[2026-08-12T10:56:50Z] compose: skill=ai/skills/workflow-discipline.md
[2026-08-12T10:56:50Z] compose: skill=ai/skills/architecture-discipline.md
[2026-08-12T10:56:50Z] compose: skill=ai/skills/documentation.md
[2026-08-12T10:56:50Z] compose: task (canonical prompt)
[2026-08-12T10:56:50Z] snapshot: runtime-prompt=runs/T037/prompts/planner-attempt-1.md
[2026-08-12T10:57:37Z] auto-run: step=planner done rc=0
[2026-08-12T11:00:50Z] auto-run start: state=IMPLEMENTATION_APPROVED
[2026-08-12T11:00:50Z] auto-run: running step=tester
[2026-08-12T11:00:51Z] auto-run: pre-tester rebase onto integration ok
[2026-08-12T11:00:51Z] prompt: resolved=prompts/generic/tester.md source=generic
[2026-08-12T11:00:51Z] prompt: generic fallback — injecting runs/T037/ticket.md
[2026-08-12T11:00:52Z] compose: global-context=docs/ai/global-context.md
[2026-08-12T11:00:52Z] compose: role=ai/roles/tester.md
[2026-08-12T11:00:52Z] compose: skill=ai/skills/workflow-discipline.md
[2026-08-12T11:00:52Z] compose: skill=ai/skills/testing.md
[2026-08-12T11:00:52Z] compose: skill=ai/skills/debugging.md
[2026-08-12T11:00:52Z] compose: task (canonical prompt)
[2026-08-12T11:00:52Z] snapshot: runtime-prompt=runs/T037/prompts/tester-attempt-1.md
[2026-08-12T11:01:52Z] auto-run: step=tester done rc=0
[2026-08-12T11:01:52Z] auto-run: transition IMPLEMENTATION_APPROVED → TEST_COMPLETE
[2026-08-12T11:01:52Z] auto-run: auto-commit triggered (step=tester, include_code=True)
[2026-08-12T11:01:52Z] commit-checkpoint: unstaged runtime garbage: ['runs/T037/daemon.lock', 'runs/T037/runtime.log', 'runs/T037/workflow-status.md']
[2026-08-12T11:01:53Z] commit-checkpoint: sha=cd94f37 files=4 title='test(T037/workflow): tester — update 4 file(s)'
[2026-08-12T11:01:53Z] auto-run: auto-push triggered
[2026-08-12T11:01:53Z] push: tolerating runtime dirty files (not blocking): ['runs/T037/daemon.lock', 'runs/T037/runtime.log', 'runs/T037/workflow-status.md']
[2026-08-12T11:01:53Z] push: pushing branch=ticket/T037-remove-already-tracked-node-modules-and-vitest-cac
[2026-08-12T11:01:55Z] push: done branch=ticket/T037-remove-already-tracked-node-modules-and-vitest-cac
[2026-08-12T11:01:55Z] auto-run: TEST_COMPLETE — running PR lifecycle
