[2026-08-12T11:58:35Z] auto-run start: state=INIT
[2026-08-12T11:58:35Z] auto-run: running step=planner
[2026-08-12T11:58:40Z] auto-run: pre-planner rebase onto integration ok
[2026-08-12T11:58:40Z] prompt: resolved=prompts/generic/planner.md source=generic
[2026-08-12T11:58:40Z] prompt: generic fallback — injecting runs/T038/ticket.md
[2026-08-12T11:58:40Z] compose: global-context=docs/ai/global-context.md
[2026-08-12T11:58:40Z] compose: role=ai/roles/planner.md
[2026-08-12T11:58:40Z] compose: skill=ai/skills/workflow-discipline.md
[2026-08-12T11:58:40Z] compose: skill=ai/skills/architecture-discipline.md
[2026-08-12T11:58:40Z] compose: skill=ai/skills/documentation.md
[2026-08-12T11:58:40Z] compose: task (canonical prompt)
[2026-08-12T11:58:40Z] snapshot: runtime-prompt=runs/T038/prompts/planner-attempt-1.md
[2026-08-12T12:03:13Z] compose: preferring on-disk runs/T038/plan.md over chatty stdout (agent Write beat meta-report)
[2026-08-12T12:03:13Z] auto-run: step=planner done rc=0
[2026-08-12T12:21:49Z] auto-run start: state=IMPLEMENTATION_APPROVED
[2026-08-12T12:21:49Z] auto-run: running step=tester
[2026-08-12T12:21:51Z] auto-run: pre-tester rebase onto integration ok
[2026-08-12T12:21:51Z] prompt: resolved=prompts/generic/tester.md source=generic
[2026-08-12T12:21:51Z] prompt: generic fallback — injecting runs/T038/ticket.md
[2026-08-12T12:21:51Z] compose: global-context=docs/ai/global-context.md
[2026-08-12T12:21:51Z] compose: role=ai/roles/tester.md
[2026-08-12T12:21:51Z] compose: skill=ai/skills/workflow-discipline.md
[2026-08-12T12:21:51Z] compose: skill=ai/skills/testing.md
[2026-08-12T12:21:51Z] compose: skill=ai/skills/debugging.md
[2026-08-12T12:21:51Z] compose: task (canonical prompt)
[2026-08-12T12:21:51Z] snapshot: runtime-prompt=runs/T038/prompts/tester-attempt-1.md
[2026-08-12T12:23:34Z] auto-run: step=tester done rc=0
[2026-08-12T12:23:34Z] auto-run: transition IMPLEMENTATION_APPROVED → TEST_COMPLETE
[2026-08-12T12:23:34Z] auto-run: auto-commit triggered (step=tester, include_code=True)
[2026-08-12T12:23:34Z] commit-checkpoint: unstaged runtime garbage: ['apps/api/node_modules/.vite/vitest/results.json', 'runs/T038/daemon.lock', 'runs/T038/runtime.log', 'runs/T038/workflow-status.md']
[2026-08-12T12:23:34Z] commit-checkpoint: sha=04dd1cc files=3 title='test(T038/workflow): tester — update 3 file(s)'
[2026-08-12T12:23:34Z] auto-run: auto-push triggered
[2026-08-12T12:23:34Z] push: tolerating runtime dirty files (not blocking): ['apps/api/node_modules/.vite/vitest/results.json', 'runs/T038/daemon.lock', 'runs/T038/runtime.log', 'runs/T038/workflow-status.md']
[2026-08-12T12:23:34Z] push: pushing branch=ticket/T038-build-a-bounded-local-discovery-candidate-pool-fro
[2026-08-12T12:23:36Z] push: done branch=ticket/T038-build-a-bounded-local-discovery-candidate-pool-fro
[2026-08-12T12:23:37Z] auto-run: TEST_COMPLETE — running PR lifecycle
