[2026-08-18T08:31:08Z] auto-run start: state=INIT
[2026-08-18T08:31:08Z] auto-run: running step=planner
[2026-08-18T08:31:14Z] auto-run: pre-planner rebase onto integration ok
[2026-08-18T08:31:14Z] prompt: resolved=prompts/generic/planner.md source=generic
[2026-08-18T08:31:14Z] prompt: generic fallback — injecting runs/T102/ticket.md
[2026-08-18T08:31:14Z] compose: global-context=docs/ai/global-context.md
[2026-08-18T08:31:14Z] compose: role=ai/roles/planner.md
[2026-08-18T08:31:14Z] compose: skill=ai/skills/workflow-discipline.md
[2026-08-18T08:31:14Z] compose: skill=ai/skills/architecture-discipline.md
[2026-08-18T08:31:14Z] compose: skill=ai/skills/documentation.md
[2026-08-18T08:31:14Z] compose: task (canonical prompt)
[2026-08-18T08:31:14Z] snapshot: runtime-prompt=runs/T102/prompts/planner-attempt-1.md
[2026-08-18T08:36:14Z] compose: preferring on-disk runs/T102/plan.md over chatty stdout (agent Write beat meta-report)
[2026-08-18T08:36:14Z] auto-run: step=planner done rc=0
[2026-08-18T08:38:30Z] conflict-resolver: git rebase origin/main exit=0
[2026-08-18T08:38:30Z] conflict-resolver: rebase clean — no conflicts
[2026-08-18T08:38:30Z] conflict-resolver: running tests
[2026-08-18T08:38:30Z] conflict-resolver: test-report written: runs/T102/conflict/test-report.md
[2026-08-18T08:38:30Z] conflict-resolver: staging and committing resolution artifacts
[2026-08-18T09:16:36Z] auto-run start: state=IMPLEMENTATION_APPROVED
[2026-08-18T09:16:36Z] auto-run: running step=tester
[2026-08-18T09:16:37Z] auto-run: pre-tester rebase onto integration ok
[2026-08-18T09:16:37Z] prompt: resolved=prompts/generic/tester.md source=generic
[2026-08-18T09:16:37Z] prompt: generic fallback — injecting runs/T102/ticket.md
[2026-08-18T09:16:37Z] compose: global-context=docs/ai/global-context.md
[2026-08-18T09:16:37Z] compose: role=ai/roles/tester.md
[2026-08-18T09:16:37Z] compose: skill=ai/skills/workflow-discipline.md
[2026-08-18T09:16:37Z] compose: skill=ai/skills/testing.md
[2026-08-18T09:16:37Z] compose: skill=ai/skills/debugging.md
[2026-08-18T09:16:37Z] compose: task (canonical prompt)
[2026-08-18T09:16:37Z] snapshot: runtime-prompt=runs/T102/prompts/tester-attempt-1.md
[2026-08-18T09:22:15Z] auto-run: step=tester done rc=0
[2026-08-18T09:22:15Z] auto-run: transition IMPLEMENTATION_APPROVED → TEST_COMPLETE
[2026-08-18T09:22:15Z] auto-run: auto-commit triggered (step=tester, include_code=True)
[2026-08-18T09:22:15Z] commit-checkpoint: unstaged runtime garbage: ['apps/api/node_modules/.vite/vitest/results.json', 'runs/T102/daemon.lock', 'runs/T102/runtime.log', 'runs/T102/workflow-status.md']
[2026-08-18T09:22:15Z] commit-checkpoint: sha=9bb3cff files=4 title='test(T102/workflow): tester — update 4 file(s)'
[2026-08-18T09:22:15Z] auto-run: auto-push triggered
[2026-08-18T09:22:15Z] push: tolerating runtime dirty files (not blocking): ['apps/api/node_modules/.vite/vitest/results.json', 'runs/T102/daemon.lock', 'runs/T102/runtime.log', 'runs/T102/workflow-status.md']
[2026-08-18T09:22:15Z] push: pushing branch=ticket/T102-build-catalog-embeddings-and-vector-retrieval-for
[2026-08-18T09:22:18Z] push: done branch=ticket/T102-build-catalog-embeddings-and-vector-retrieval-for
[2026-08-18T09:22:18Z] auto-run: TEST_COMPLETE — running PR lifecycle
