[2026-08-17T21:08:41Z] auto-run start: state=INIT
[2026-08-17T21:08:41Z] auto-run: running step=planner
[2026-08-17T21:08:47Z] auto-run: pre-planner rebase onto integration ok
[2026-08-17T21:08:47Z] prompt: resolved=prompts/generic/planner.md source=generic
[2026-08-17T21:08:47Z] prompt: generic fallback — injecting runs/T090/ticket.md
[2026-08-17T21:08:47Z] compose: global-context=docs/ai/global-context.md
[2026-08-17T21:08:47Z] compose: role=ai/roles/planner.md
[2026-08-17T21:08:47Z] compose: skill=ai/skills/workflow-discipline.md
[2026-08-17T21:08:47Z] compose: skill=ai/skills/architecture-discipline.md
[2026-08-17T21:08:47Z] compose: skill=ai/skills/documentation.md
[2026-08-17T21:08:47Z] compose: task (canonical prompt)
[2026-08-17T21:08:47Z] snapshot: runtime-prompt=runs/T090/prompts/planner-attempt-1.md
[2026-08-17T21:13:08Z] auto-run: step=planner done rc=0
[2026-08-17T22:13:33Z] auto-run: step=tester done rc=0
[2026-08-17T22:13:33Z] auto-run: transition IMPLEMENTATION_APPROVED → TEST_COMPLETE
[2026-08-17T22:13:33Z] auto-run: auto-commit triggered (step=tester, include_code=True)
[2026-08-17T22:13:33Z] commit-checkpoint: unstaged runtime garbage: ['apps/web/node_modules/.vite/vitest/results.json', 'runs/T090/daemon.lock', 'runs/T090/runtime.log', 'runs/T090/workflow-status.md']
[2026-08-17T22:13:33Z] commit-checkpoint: sha=73b0573 files=2 title='test(T090/workflow): tester — update 2 file(s)'
[2026-08-17T22:13:33Z] auto-run: auto-push triggered
[2026-08-17T22:13:33Z] push: tolerating runtime dirty files (not blocking): ['apps/web/node_modules/.vite/vitest/results.json', 'runs/T090/daemon.lock', 'runs/T090/runtime.log', 'runs/T090/workflow-status.md']
[2026-08-17T22:13:33Z] push: pushing branch=ticket/T090-fix-vod-duration-seek-semantics-and-make-resume-us
[2026-08-17T22:13:35Z] push: done branch=ticket/T090-fix-vod-duration-seek-semantics-and-make-resume-us
[2026-08-17T22:13:35Z] auto-run: TEST_COMPLETE — running PR lifecycle
