[2026-08-18T10:03:07Z] auto-run start: state=INIT
[2026-08-18T10:03:07Z] auto-run: running step=planner
[2026-08-18T10:03:13Z] auto-run: pre-planner rebase onto integration ok
[2026-08-18T10:03:13Z] prompt: resolved=prompts/generic/planner.md source=generic
[2026-08-18T10:03:13Z] prompt: generic fallback — injecting runs/T104/ticket.md
[2026-08-18T10:03:13Z] compose: global-context=docs/ai/global-context.md
[2026-08-18T10:03:13Z] compose: role=ai/roles/planner.md
[2026-08-18T10:03:13Z] compose: skill=ai/skills/workflow-discipline.md
[2026-08-18T10:03:13Z] compose: skill=ai/skills/architecture-discipline.md
[2026-08-18T10:03:13Z] compose: skill=ai/skills/documentation.md
[2026-08-18T10:03:13Z] compose: task (canonical prompt)
[2026-08-18T10:03:13Z] snapshot: runtime-prompt=runs/T104/prompts/planner-attempt-1.md
[2026-08-18T10:07:53Z] compose: preferring on-disk runs/T104/plan.md over chatty stdout (agent Write beat meta-report)
[2026-08-18T10:07:53Z] auto-run: step=planner done rc=0
[2026-08-18T10:09:43Z] conflict-resolver: git rebase origin/main exit=0
[2026-08-18T10:09:43Z] conflict-resolver: rebase clean — no conflicts
[2026-08-18T10:09:43Z] conflict-resolver: running tests
[2026-08-18T10:09:43Z] conflict-resolver: test-report written: runs/T104/conflict/test-report.md
[2026-08-18T10:09:43Z] conflict-resolver: staging and committing resolution artifacts
[2026-08-18T11:03:48Z] auto-run start: state=IMPLEMENTATION_APPROVED
[2026-08-18T11:03:48Z] auto-run: running step=tester
[2026-08-18T11:03:49Z] auto-run: pre-tester rebase onto integration ok
[2026-08-18T11:03:49Z] prompt: resolved=prompts/generic/tester.md source=generic
[2026-08-18T11:03:49Z] prompt: generic fallback — injecting runs/T104/ticket.md
[2026-08-18T11:03:49Z] compose: global-context=docs/ai/global-context.md
[2026-08-18T11:03:49Z] compose: role=ai/roles/tester.md
[2026-08-18T11:03:49Z] compose: skill=ai/skills/workflow-discipline.md
[2026-08-18T11:03:49Z] compose: skill=ai/skills/testing.md
[2026-08-18T11:03:49Z] compose: skill=ai/skills/debugging.md
[2026-08-18T11:03:49Z] compose: task (canonical prompt)
[2026-08-18T11:03:49Z] snapshot: runtime-prompt=runs/T104/prompts/tester-attempt-1.md
[2026-08-18T11:09:02Z] auto-run: step=tester done rc=0
[2026-08-18T11:09:02Z] auto-run: transition IMPLEMENTATION_APPROVED → TEST_COMPLETE
[2026-08-18T11:09:02Z] auto-run: auto-commit triggered (step=tester, include_code=True)
[2026-08-18T11:09:02Z] commit-checkpoint: unstaged runtime garbage: ['apps/api/node_modules/.vite/vitest/results.json', 'runs/T104/daemon.lock', 'runs/T104/runtime.log', 'runs/T104/workflow-status.md']
[2026-08-18T11:09:02Z] commit-checkpoint: sha=d6044e2 files=4 title='test(T104/workflow): tester — update 4 file(s)'
[2026-08-18T11:09:02Z] auto-run: auto-push triggered
[2026-08-18T11:09:02Z] push: tolerating runtime dirty files (not blocking): ['apps/api/node_modules/.vite/vitest/results.json', 'runs/T104/daemon.lock', 'runs/T104/runtime.log', 'runs/T104/workflow-status.md']
[2026-08-18T11:09:02Z] push: pushing branch=ticket/T104-implement-hybrid-recommendation-reranking-with-pro
[2026-08-18T11:09:04Z] push: done branch=ticket/T104-implement-hybrid-recommendation-reranking-with-pro
[2026-08-18T11:09:04Z] auto-run: TEST_COMPLETE — running PR lifecycle
