[2026-08-16T18:53:38Z] auto-run start: state=INIT
[2026-08-16T18:53:38Z] auto-run: running step=planner
[2026-08-16T18:53:40Z] auto-run: pre-planner rebase onto integration ok
[2026-08-16T18:53:40Z] prompt: resolved=prompts/generic/planner.md source=generic
[2026-08-16T18:53:40Z] prompt: generic fallback — injecting runs/T084/ticket.md
[2026-08-16T18:53:40Z] compose: global-context=docs/ai/global-context.md
[2026-08-16T18:53:40Z] compose: role=ai/roles/planner.md
[2026-08-16T18:53:40Z] compose: skill=ai/skills/workflow-discipline.md
[2026-08-16T18:53:40Z] compose: skill=ai/skills/architecture-discipline.md
[2026-08-16T18:53:40Z] compose: skill=ai/skills/documentation.md
[2026-08-16T18:53:40Z] compose: task (canonical prompt)
[2026-08-16T18:53:40Z] snapshot: runtime-prompt=runs/T084/prompts/planner-attempt-1.md
[2026-08-16T19:01:06Z] compose: preferring on-disk runs/T084/plan.md over chatty stdout (agent Write beat meta-report)
[2026-08-16T19:01:06Z] auto-run: step=planner done rc=0
[2026-08-16T19:41:32Z] auto-run start: state=IMPLEMENTATION_APPROVED
[2026-08-16T19:41:32Z] auto-run: running step=tester
[2026-08-16T19:41:34Z] auto-run: pre-tester rebase onto integration ok
[2026-08-16T19:41:34Z] prompt: resolved=prompts/generic/tester.md source=generic
[2026-08-16T19:41:34Z] prompt: generic fallback — injecting runs/T084/ticket.md
[2026-08-16T19:41:34Z] compose: global-context=docs/ai/global-context.md
[2026-08-16T19:41:34Z] compose: role=ai/roles/tester.md
[2026-08-16T19:41:34Z] compose: skill=ai/skills/workflow-discipline.md
[2026-08-16T19:41:34Z] compose: skill=ai/skills/testing.md
[2026-08-16T19:41:34Z] compose: skill=ai/skills/debugging.md
[2026-08-16T19:41:34Z] compose: task (canonical prompt)
[2026-08-16T19:41:34Z] snapshot: runtime-prompt=runs/T084/prompts/tester-attempt-1.md
[2026-08-16T19:46:22Z] auto-run: step=tester done rc=0
[2026-08-16T19:46:22Z] auto-run: transition IMPLEMENTATION_APPROVED → TEST_COMPLETE
[2026-08-16T19:46:22Z] auto-run: auto-commit triggered (step=tester, include_code=True)
[2026-08-16T19:46:22Z] commit-checkpoint: unstaged runtime garbage: ['runs/T084/daemon.lock', 'runs/T084/runtime.log', 'runs/T084/workflow-status.md']
[2026-08-16T19:46:22Z] commit-checkpoint: sha=bba872f files=4 title='test(T084/workflow): tester — update 4 file(s)'
[2026-08-16T19:46:22Z] auto-run: auto-push triggered
[2026-08-16T19:46:22Z] push: tolerating runtime dirty files (not blocking): ['runs/T084/daemon.lock', 'runs/T084/runtime.log', 'runs/T084/workflow-status.md']
[2026-08-16T19:46:22Z] push: pushing branch=ticket/T084-repair-blank-ui-merge-regression-restore-playback
[2026-08-16T19:46:24Z] push: done branch=ticket/T084-repair-blank-ui-merge-regression-restore-playback
[2026-08-16T19:46:25Z] auto-run: TEST_COMPLETE — running PR lifecycle
