[2026-08-17T13:40:49Z] auto-run start: state=INIT
[2026-08-17T13:40:49Z] auto-run: running step=planner
[2026-08-17T13:40:50Z] auto-run: pre-planner rebase onto integration ok
[2026-08-17T13:40:50Z] prompt: resolved=prompts/generic/planner.md source=generic
[2026-08-17T13:40:50Z] prompt: generic fallback — injecting runs/T085/ticket.md
[2026-08-17T13:40:50Z] compose: global-context=docs/ai/global-context.md
[2026-08-17T13:40:50Z] compose: role=ai/roles/planner.md
[2026-08-17T13:40:50Z] compose: skill=ai/skills/workflow-discipline.md
[2026-08-17T13:40:50Z] compose: skill=ai/skills/architecture-discipline.md
[2026-08-17T13:40:50Z] compose: skill=ai/skills/documentation.md
[2026-08-17T13:40:50Z] compose: task (canonical prompt)
[2026-08-17T13:40:50Z] snapshot: runtime-prompt=runs/T085/prompts/planner-attempt-1.md
[2026-08-17T13:44:44Z] compose: preferring on-disk runs/T085/plan.md over chatty stdout (agent Write beat meta-report)
[2026-08-17T13:44:44Z] auto-run: step=planner done rc=0
[2026-08-17T14:24:32Z] auto-run start: state=IMPLEMENTATION_APPROVED
[2026-08-17T14:24:32Z] auto-run: running step=tester
[2026-08-17T14:24:33Z] auto-run: pre-tester rebase onto integration ok
[2026-08-17T14:24:33Z] prompt: resolved=prompts/generic/tester.md source=generic
[2026-08-17T14:24:33Z] prompt: generic fallback — injecting runs/T085/ticket.md
[2026-08-17T14:24:33Z] compose: global-context=docs/ai/global-context.md
[2026-08-17T14:24:33Z] compose: role=ai/roles/tester.md
[2026-08-17T14:24:33Z] compose: skill=ai/skills/workflow-discipline.md
[2026-08-17T14:24:33Z] compose: skill=ai/skills/testing.md
[2026-08-17T14:24:33Z] compose: skill=ai/skills/debugging.md
[2026-08-17T14:24:33Z] compose: task (canonical prompt)
[2026-08-17T14:24:33Z] snapshot: runtime-prompt=runs/T085/prompts/tester-attempt-1.md
[2026-08-17T14:31:52Z] auto-run: step=tester done rc=0
[2026-08-17T14:31:52Z] auto-run: transition IMPLEMENTATION_APPROVED → TEST_COMPLETE
[2026-08-17T14:31:52Z] auto-run: auto-commit triggered (step=tester, include_code=True)
[2026-08-17T14:31:52Z] commit-checkpoint: unstaged runtime garbage: ['apps/api/node_modules/.vite/vitest/results.json', 'runs/T085/daemon.lock', 'runs/T085/runtime.log', 'runs/T085/workflow-status.md']
[2026-08-17T14:31:52Z] commit-checkpoint: sha=3c42d94 files=3 title='test(T085/workflow): tester — update 3 file(s)'
[2026-08-17T14:31:52Z] auto-run: auto-push triggered
[2026-08-17T14:31:52Z] push: tolerating runtime dirty files (not blocking): ['apps/api/node_modules/.vite/vitest/results.json', 'runs/T085/daemon.lock', 'runs/T085/runtime.log', 'runs/T085/workflow-status.md']
[2026-08-17T14:31:52Z] push: pushing branch=ticket/T085-playback-still-broken-prove-one-real-xtream-movie
[2026-08-17T14:31:54Z] push: done branch=ticket/T085-playback-still-broken-prove-one-real-xtream-movie
[2026-08-17T14:31:55Z] auto-run: TEST_COMPLETE — running PR lifecycle
