[2026-08-17T13:48:11Z] auto-run start: state=INIT
[2026-08-17T13:48:11Z] auto-run: running step=planner
[2026-08-17T13:48:12Z] auto-run: pre-planner rebase onto integration ok
[2026-08-17T13:48:12Z] prompt: resolved=prompts/generic/planner.md source=generic
[2026-08-17T13:48:12Z] prompt: generic fallback — injecting runs/T086/ticket.md
[2026-08-17T13:48:12Z] compose: global-context=docs/ai/global-context.md
[2026-08-17T13:48:12Z] compose: role=ai/roles/planner.md
[2026-08-17T13:48:12Z] compose: skill=ai/skills/workflow-discipline.md
[2026-08-17T13:48:12Z] compose: skill=ai/skills/architecture-discipline.md
[2026-08-17T13:48:12Z] compose: skill=ai/skills/documentation.md
[2026-08-17T13:48:12Z] compose: task (canonical prompt)
[2026-08-17T13:48:12Z] snapshot: runtime-prompt=runs/T086/prompts/planner-attempt-1.md
[2026-08-17T13:52:36Z] compose: preferring on-disk runs/T086/plan.md over chatty stdout (agent Write beat meta-report)
[2026-08-17T13:52:36Z] auto-run: step=planner done rc=0
[2026-08-17T14:34:32Z] auto-run start: state=IMPLEMENTATION_APPROVED
[2026-08-17T14:34:32Z] auto-run: running step=tester
[2026-08-17T14:34:33Z] auto-run: pre-tester rebase failed
[2026-08-17T14:37:05Z] auto-run: step=tester done rc=0
[2026-08-17T14:37:05Z] auto-run: transition IMPLEMENTATION_APPROVED → TEST_COMPLETE
[2026-08-17T14:37:05Z] auto-run: auto-commit triggered (step=tester, include_code=True)
[2026-08-17T14:37:05Z] commit-checkpoint: unstaged runtime garbage: ['runs/T086/daemon.lock', 'runs/T086/runtime.log', 'runs/T086/workflow-status.md']
[2026-08-17T14:37:05Z] commit-checkpoint: sha=ca9af76 files=3 title='test(T086/workflow): tester — update 3 file(s)'
[2026-08-17T14:37:05Z] auto-run: auto-push triggered
[2026-08-17T14:37:05Z] push: tolerating runtime dirty files (not blocking): ['runs/T086/daemon.lock', 'runs/T086/runtime.log', 'runs/T086/workflow-status.md']
[2026-08-17T14:37:05Z] push: pushing branch=ticket/T086-fix-shelf-card-hover-state-and-add-focused-netflix
[2026-08-17T14:37:07Z] push: done branch=ticket/T086-fix-shelf-card-hover-state-and-add-focused-netflix
[2026-08-17T14:37:08Z] auto-run: TEST_COMPLETE — running PR lifecycle
