[2026-08-18T12:07:16Z] auto-run start: state=INIT
[2026-08-18T12:07:17Z] auto-run: running step=planner
[2026-08-18T12:07:22Z] auto-run: pre-planner rebase onto integration ok
[2026-08-18T12:07:22Z] prompt: resolved=prompts/generic/planner.md source=generic
[2026-08-18T12:07:22Z] prompt: generic fallback — injecting runs/T106/ticket.md
[2026-08-18T12:07:22Z] compose: global-context=docs/ai/global-context.md
[2026-08-18T12:07:22Z] compose: role=ai/roles/planner.md
[2026-08-18T12:07:22Z] compose: skill=ai/skills/workflow-discipline.md
[2026-08-18T12:07:22Z] compose: skill=ai/skills/architecture-discipline.md
[2026-08-18T12:07:22Z] compose: skill=ai/skills/documentation.md
[2026-08-18T12:07:22Z] compose: task (canonical prompt)
[2026-08-18T12:07:22Z] snapshot: runtime-prompt=runs/T106/prompts/planner-attempt-1.md
[2026-08-18T12:14:18Z] compose: preferring on-disk runs/T106/plan.md over chatty stdout (agent Write beat meta-report)
[2026-08-18T12:14:19Z] auto-run: step=planner done rc=0
[2026-08-18T12:54:39Z] conflict-resolver: [pass 1/3] conflicted=['apps/api/src/db/schema/index.ts', 'apps/api/src/services/interaction-event-service.ts', 'packages/api-contracts/src/interaction-events.ts'] | staged=['apps/api/src/db/schema/index.ts', 'apps/api/src/services/interaction-event-service.ts', 'packages/api-contracts/src/interaction-events.ts'] | unresolved=[] | continue_rc=1 | next_source=[]
[2026-08-18T12:54:39Z] conflict-resolver: all conflicts resolved after 1 pass(es)
[2026-08-18T12:54:39Z] conflict-resolver: running tests
[2026-08-18T12:54:39Z] conflict-resolver: test-report written: runs/T106/conflict/test-report.md
[2026-08-18T12:54:39Z] conflict-resolver: staging and committing resolution artifacts
[2026-08-18T13:07:51Z] conflict-resolver: git rebase origin/main exit=0
[2026-08-18T13:07:51Z] conflict-resolver: rebase clean — no conflicts
[2026-08-18T13:07:51Z] conflict-resolver: running tests
[2026-08-18T13:07:51Z] conflict-resolver: test-report written: runs/T106/conflict/test-report.md
[2026-08-18T13:07:51Z] conflict-resolver: staging and committing resolution artifacts
