[2026-08-22T14:21:05Z] auto-run start: state=INIT
[2026-08-22T14:21:05Z] auto-run: running step=planner
[2026-08-22T14:21:07Z] auto-run: pre-planner rebase onto integration ok
[2026-08-22T14:21:07Z] prompt: resolved=prompts/generic/planner.md source=generic
[2026-08-22T14:21:07Z] prompt: generic fallback — injecting runs/T117/ticket.md
[2026-08-22T14:21:07Z] compose: global-context=docs/ai/global-context.md
[2026-08-22T14:21:07Z] compose: role=ai/roles/planner.md
[2026-08-22T14:21:07Z] compose: skill=ai/skills/workflow-discipline.md
[2026-08-22T14:21:07Z] compose: skill=ai/skills/architecture-discipline.md
[2026-08-22T14:21:07Z] compose: skill=ai/skills/documentation.md
[2026-08-22T14:21:07Z] compose: task (canonical prompt)
[2026-08-22T14:21:07Z] snapshot: runtime-prompt=runs/T117/prompts/planner-attempt-1.md
[2026-08-22T14:25:11Z] compose: preferring on-disk runs/T117/plan.md over chatty stdout (agent Write beat meta-report)
[2026-08-22T14:25:11Z] auto-run: step=planner done rc=0
[2026-08-22T14:44:20Z] auto-run start: state=IMPLEMENTATION_APPROVED
[2026-08-22T14:44:20Z] auto-run: running step=tester
[2026-08-22T14:44:22Z] auto-run: pre-tester rebase onto integration ok
[2026-08-22T14:44:22Z] prompt: resolved=prompts/generic/tester.md source=generic
[2026-08-22T14:44:22Z] prompt: generic fallback — injecting runs/T117/ticket.md
[2026-08-22T14:44:22Z] compose: global-context=docs/ai/global-context.md
[2026-08-22T14:44:22Z] compose: role=ai/roles/tester.md
[2026-08-22T14:44:22Z] compose: skill=ai/skills/workflow-discipline.md
[2026-08-22T14:44:22Z] compose: skill=ai/skills/testing.md
[2026-08-22T14:44:22Z] compose: skill=ai/skills/debugging.md
[2026-08-22T14:44:22Z] compose: task (canonical prompt)
[2026-08-22T14:44:22Z] snapshot: runtime-prompt=runs/T117/prompts/tester-attempt-1.md
[2026-08-22T14:49:30Z] auto-run: step=tester done rc=0
[2026-08-22T14:49:30Z] auto-run: transition IMPLEMENTATION_APPROVED → TEST_COMPLETE
[2026-08-22T14:49:30Z] auto-run: auto-commit triggered (step=tester, include_code=True)
[2026-08-22T14:49:30Z] commit-checkpoint: unstaged runtime garbage: ['apps/recommendation-engine/node_modules/.vite/vitest/results.json', 'runs/T117/daemon.lock', 'runs/T117/runtime.log', 'runs/T117/workflow-status.md']
[2026-08-22T14:49:30Z] commit-checkpoint: sha=7aaa5c55 files=4 title='test(T117/dashboard,workflow): tester — update 4 file(s)'
[2026-08-22T14:49:30Z] auto-run: auto-push triggered
[2026-08-22T14:49:30Z] push: tolerating runtime dirty files (not blocking): ['apps/recommendation-engine/node_modules/.vite/vitest/results.json', 'runs/T117/daemon.lock', 'runs/T117/runtime.log', 'runs/T117/workflow-status.md']
[2026-08-22T14:49:30Z] push: pushing branch=ticket/T117-finir-248-ui-lab-candidatepoolsize-validation-seed
[2026-08-22T14:49:32Z] push: done branch=ticket/T117-finir-248-ui-lab-candidatepoolsize-validation-seed
[2026-08-22T14:49:32Z] auto-run: TEST_COMPLETE — running PR lifecycle
