[2026-08-11T17:26:58Z] auto-run start: state=INIT
[2026-08-11T17:26:58Z] auto-run: running step=planner
[2026-08-11T17:27:03Z] auto-run: pre-planner rebase onto integration ok
[2026-08-11T17:27:03Z] prompt: resolved=prompts/generic/planner.md source=generic
[2026-08-11T17:27:03Z] prompt: generic fallback — injecting runs/T021/ticket.md
[2026-08-11T17:27:03Z] compose: global-context=docs/ai/global-context.md
[2026-08-11T17:27:03Z] compose: role=ai/roles/planner.md
[2026-08-11T17:27:03Z] compose: skill=ai/skills/workflow-discipline.md
[2026-08-11T17:27:03Z] compose: skill=ai/skills/architecture-discipline.md
[2026-08-11T17:27:03Z] compose: skill=ai/skills/documentation.md
[2026-08-11T17:27:03Z] compose: task (canonical prompt)
[2026-08-11T17:27:03Z] snapshot: runtime-prompt=runs/T021/prompts/planner-attempt-1.md
[2026-08-11T17:30:53Z] auto-run: step=planner done rc=0
[2026-08-11T20:44:39Z] auto-run start: state=IMPLEMENTATION_APPROVED
[2026-08-11T20:44:39Z] auto-run: running step=tester
[2026-08-11T20:44:41Z] auto-run: pre-tester rebase onto integration ok
[2026-08-11T20:44:41Z] prompt: resolved=prompts/generic/tester.md source=generic
[2026-08-11T20:44:41Z] prompt: generic fallback — injecting runs/T021/ticket.md
[2026-08-11T20:44:41Z] compose: global-context=docs/ai/global-context.md
[2026-08-11T20:44:41Z] compose: role=ai/roles/tester.md
[2026-08-11T20:44:41Z] compose: skill=ai/skills/workflow-discipline.md
[2026-08-11T20:44:41Z] compose: skill=ai/skills/testing.md
[2026-08-11T20:44:41Z] compose: skill=ai/skills/debugging.md
[2026-08-11T20:44:41Z] compose: task (canonical prompt)
[2026-08-11T20:44:41Z] snapshot: runtime-prompt=runs/T021/prompts/tester-attempt-2.md
[2026-08-11T20:48:31Z] auto-run: step=tester done rc=0
[2026-08-11T20:48:31Z] auto-run: transition IMPLEMENTATION_APPROVED → TEST_COMPLETE
[2026-08-11T20:48:31Z] auto-run: auto-commit triggered (step=tester, include_code=True)
[2026-08-11T20:48:31Z] commit-checkpoint: unstaged runtime garbage: ['apps/api/node_modules/.vite/vitest/results.json', 'apps/web/node_modules/.vite/vitest/results.json', 'runs/T021/daemon.lock', 'runs/T021/runtime.log', 'runs/T021/workflow-status.md']
[2026-08-11T20:48:31Z] commit-checkpoint: sha=07d73a3 files=3 title='test(T021/workflow): tester — update 3 file(s)'
[2026-08-11T20:48:31Z] auto-run: auto-push triggered
[2026-08-11T20:48:31Z] push: tolerating runtime dirty files (not blocking): ['apps/api/node_modules/.vite/vitest/results.json', 'apps/web/node_modules/.vite/vitest/results.json', 'runs/T021/daemon.lock', 'runs/T021/runtime.log', 'runs/T021/workflow-status.md']
[2026-08-11T20:48:31Z] push: pushing branch=ticket/T021-introduce-reusable-manual-and-dynamic-shelves-as-t
[2026-08-11T20:48:33Z] push: done branch=ticket/T021-introduce-reusable-manual-and-dynamic-shelves-as-t
[2026-08-11T20:48:34Z] auto-run: TEST_COMPLETE — running PR lifecycle
