[2026-08-12T23:14:27Z] auto-run start: state=INIT
[2026-08-12T23:14:27Z] auto-run: running step=planner
[2026-08-12T23:14:33Z] auto-run: pre-planner rebase onto integration ok
[2026-08-12T23:14:33Z] prompt: resolved=prompts/generic/planner.md source=generic
[2026-08-12T23:14:33Z] prompt: generic fallback — injecting runs/T054/ticket.md
[2026-08-12T23:14:33Z] compose: global-context=docs/ai/global-context.md
[2026-08-12T23:14:33Z] compose: role=ai/roles/planner.md
[2026-08-12T23:14:33Z] compose: skill=ai/skills/workflow-discipline.md
[2026-08-12T23:14:33Z] compose: skill=ai/skills/architecture-discipline.md
[2026-08-12T23:14:33Z] compose: skill=ai/skills/documentation.md
[2026-08-12T23:14:33Z] compose: task (canonical prompt)
[2026-08-12T23:14:33Z] snapshot: runtime-prompt=runs/T054/prompts/planner-attempt-1.md
[2026-08-12T23:20:56Z] compose: preferring on-disk runs/T054/plan.md over chatty stdout (agent Write beat meta-report)
[2026-08-12T23:20:56Z] auto-run: step=planner done rc=0
[2026-08-12T23:58:11Z] conflict-resolver: git rebase origin/main exit=0
[2026-08-12T23:58:11Z] conflict-resolver: rebase clean — no conflicts
[2026-08-12T23:58:11Z] conflict-resolver: running tests
[2026-08-12T23:58:11Z] conflict-resolver: test-report written: runs/T054/conflict/test-report.md
[2026-08-12T23:58:11Z] conflict-resolver: staging and committing resolution artifacts
[2026-08-13T01:32:12Z] conflict-resolver: git rebase origin/main exit=0
[2026-08-13T01:32:12Z] conflict-resolver: rebase clean — no conflicts
[2026-08-13T01:32:12Z] conflict-resolver: running tests
[2026-08-13T01:32:12Z] conflict-resolver: test-report written: runs/T054/conflict/test-report.md
[2026-08-13T01:32:12Z] conflict-resolver: staging and committing resolution artifacts
