[2026-08-17T20:04:42Z] auto-run start: state=INIT
[2026-08-17T20:04:42Z] auto-run: running step=planner
[2026-08-17T20:04:44Z] auto-run: pre-planner rebase onto integration ok
[2026-08-17T20:04:44Z] prompt: resolved=prompts/generic/planner.md source=generic
[2026-08-17T20:04:44Z] prompt: generic fallback — injecting runs/T093/ticket.md
[2026-08-17T20:04:44Z] compose: global-context=docs/ai/global-context.md
[2026-08-17T20:04:44Z] compose: role=ai/roles/planner.md
[2026-08-17T20:04:44Z] compose: skill=ai/skills/workflow-discipline.md
[2026-08-17T20:04:44Z] compose: skill=ai/skills/architecture-discipline.md
[2026-08-17T20:04:44Z] compose: skill=ai/skills/documentation.md
[2026-08-17T20:04:44Z] compose: task (canonical prompt)
[2026-08-17T20:04:44Z] snapshot: runtime-prompt=runs/T093/prompts/planner-attempt-1.md
[2026-08-17T20:10:43Z] compose: preferring on-disk runs/T093/plan.md over chatty stdout (agent Write beat meta-report)
[2026-08-17T20:10:43Z] auto-run: step=planner done rc=0
[2026-08-17T20:38:03Z] conflict-resolver: git rebase origin/main exit=0
[2026-08-17T20:38:03Z] conflict-resolver: rebase clean — no conflicts
[2026-08-17T20:38:03Z] conflict-resolver: running tests
[2026-08-17T20:38:03Z] conflict-resolver: test-report written: runs/T093/conflict/test-report.md
[2026-08-17T20:38:03Z] conflict-resolver: staging and committing resolution artifacts
[2026-08-17T20:39:08Z] auto-run start: state=IMPLEMENTATION_APPROVED
[2026-08-17T20:39:08Z] auto-run: running step=tester
[2026-08-17T20:39:10Z] auto-run: pre-tester rebase onto integration ok
[2026-08-17T20:39:10Z] prompt: resolved=prompts/generic/tester.md source=generic
[2026-08-17T20:39:10Z] prompt: generic fallback — injecting runs/T093/ticket.md
[2026-08-17T20:39:10Z] compose: global-context=docs/ai/global-context.md
[2026-08-17T20:39:10Z] compose: role=ai/roles/tester.md
[2026-08-17T20:39:10Z] compose: skill=ai/skills/workflow-discipline.md
[2026-08-17T20:39:10Z] compose: skill=ai/skills/testing.md
[2026-08-17T20:39:10Z] compose: skill=ai/skills/debugging.md
[2026-08-17T20:39:10Z] compose: task (canonical prompt)
[2026-08-17T20:39:10Z] snapshot: runtime-prompt=runs/T093/prompts/tester-attempt-1.md
[2026-08-17T20:45:19Z] auto-run: step=tester done rc=0
[2026-08-17T20:45:19Z] auto-run: transition IMPLEMENTATION_APPROVED → TEST_COMPLETE
[2026-08-17T20:45:19Z] auto-run: auto-commit triggered (step=tester, include_code=True)
[2026-08-17T20:45:19Z] commit-checkpoint: unstaged runtime garbage: ['apps/api/node_modules/.vite/vitest/results.json', 'apps/web/node_modules/.vite/vitest/results.json', 'runs/T093/daemon.lock', 'runs/T093/runtime.log', 'runs/T093/workflow-status.md']
[2026-08-17T20:45:19Z] commit-checkpoint: sha=3365bec files=4 title='test(T093/workflow): tester — update 4 file(s)'
[2026-08-17T20:45:19Z] auto-run: auto-push triggered
[2026-08-17T20:45:19Z] push: tolerating runtime dirty files (not blocking): ['apps/api/node_modules/.vite/vitest/results.json', 'apps/web/node_modules/.vite/vitest/results.json', 'runs/T093/daemon.lock', 'runs/T093/runtime.log', 'runs/T093/workflow-status.md']
[2026-08-17T20:45:19Z] push: pushing branch=ticket/T093-preserve-and-display-useful-provider-variant-label
[2026-08-17T20:45:21Z] push: done branch=ticket/T093-preserve-and-display-useful-provider-variant-label
[2026-08-17T20:45:22Z] auto-run: TEST_COMPLETE — running PR lifecycle
