[2026-08-27T13:29:00Z] auto-run start: state=INIT
[2026-08-27T13:29:00Z] auto-run: running step=planner
[2026-08-27T13:29:02Z] auto-run: pre-planner rebase onto integration ok
[2026-08-27T13:29:02Z] prompt: resolved=prompts/generic/planner.md source=generic
[2026-08-27T13:29:02Z] prompt: generic fallback — injecting runs/T137/ticket.md
[2026-08-27T13:29:02Z] compose: global-context=docs/ai/global-context.md
[2026-08-27T13:29:02Z] compose: role=ai/roles/planner.md
[2026-08-27T13:29:02Z] compose: skill=ai/skills/workflow-discipline.md
[2026-08-27T13:29:02Z] compose: skill=ai/skills/architecture-discipline.md
[2026-08-27T13:29:02Z] compose: skill=ai/skills/documentation.md
[2026-08-27T13:29:02Z] compose: task (canonical prompt)
[2026-08-27T13:29:02Z] snapshot: runtime-prompt=runs/T137/prompts/planner-attempt-1.md
[2026-08-27T13:33:28Z] compose: preferring on-disk runs/T137/plan.md over chatty stdout (agent Write beat meta-report)
[2026-08-27T13:33:28Z] auto-run: step=planner done rc=0
[2026-08-27T14:11:21Z] auto-run start: state=IMPLEMENTATION_APPROVED
[2026-08-27T14:11:21Z] auto-run: running step=tester
[2026-08-27T14:11:23Z] auto-run: pre-tester rebase onto integration ok
[2026-08-27T14:11:23Z] prompt: resolved=prompts/generic/tester.md source=generic
[2026-08-27T14:11:23Z] prompt: generic fallback — injecting runs/T137/ticket.md
[2026-08-27T14:11:23Z] compose: global-context=docs/ai/global-context.md
[2026-08-27T14:11:23Z] compose: role=ai/roles/tester.md
[2026-08-27T14:11:23Z] compose: skill=ai/skills/workflow-discipline.md
[2026-08-27T14:11:23Z] compose: skill=ai/skills/testing.md
[2026-08-27T14:11:23Z] compose: skill=ai/skills/debugging.md
[2026-08-27T14:11:23Z] compose: task (canonical prompt)
[2026-08-27T14:11:23Z] snapshot: runtime-prompt=runs/T137/prompts/tester-attempt-1.md
[2026-08-27T14:15:58Z] auto-run: step=tester done rc=0
[2026-08-27T14:15:58Z] auto-run: transition IMPLEMENTATION_APPROVED → TEST_COMPLETE
[2026-08-27T14:15:58Z] auto-run: auto-commit triggered (step=tester, include_code=True)
[2026-08-27T14:15:58Z] commit-checkpoint: unstaged runtime garbage: ['apps/api/node_modules/.vite/vitest/results.json', 'runs/T137/daemon.lock', 'runs/T137/runtime.log', 'runs/T137/workflow-status.md']
[2026-08-27T14:15:58Z] commit-checkpoint: sha=ef908834 files=3 title='test(T137/workflow): tester — update 3 file(s)'
[2026-08-27T14:15:58Z] auto-run: auto-push triggered
[2026-08-27T14:15:58Z] push: tolerating runtime dirty files (not blocking): ['apps/api/node_modules/.vite/vitest/results.json', 'runs/T137/daemon.lock', 'runs/T137/runtime.log', 'runs/T137/workflow-status.md']
[2026-08-27T14:15:58Z] push: pushing branch=ticket/T137-build-universal-live-tv-search-across-canonical-ch
[2026-08-27T14:16:00Z] push: done branch=ticket/T137-build-universal-live-tv-search-across-canonical-ch
[2026-08-27T14:16:01Z] auto-run: TEST_COMPLETE — running PR lifecycle
