[2026-08-14T15:55:03Z] auto-run start: state=INIT
[2026-08-14T15:55:03Z] auto-run: running step=planner
[2026-08-14T15:55:04Z] auto-run: pre-planner rebase onto integration ok
[2026-08-14T15:55:04Z] prompt: resolved=prompts/generic/planner.md source=generic
[2026-08-14T15:55:04Z] prompt: generic fallback — injecting runs/T080/ticket.md
[2026-08-14T15:55:04Z] compose: global-context=docs/ai/global-context.md
[2026-08-14T15:55:04Z] compose: role=ai/roles/planner.md
[2026-08-14T15:55:04Z] compose: skill=ai/skills/workflow-discipline.md
[2026-08-14T15:55:04Z] compose: skill=ai/skills/architecture-discipline.md
[2026-08-14T15:55:04Z] compose: skill=ai/skills/documentation.md
[2026-08-14T15:55:04Z] compose: task (canonical prompt)
[2026-08-14T15:55:04Z] snapshot: runtime-prompt=runs/T080/prompts/planner-attempt-1.md
[2026-08-14T15:58:08Z] compose: preferring on-disk runs/T080/plan.md over chatty stdout (agent Write beat meta-report)
[2026-08-14T15:58:08Z] auto-run: step=planner done rc=0
[2026-08-14T17:07:48Z] auto-run start: state=IMPLEMENTATION_APPROVED
[2026-08-14T17:07:48Z] auto-run: running step=tester
[2026-08-14T17:07:49Z] auto-run: pre-tester rebase onto integration ok
[2026-08-14T17:07:49Z] prompt: resolved=prompts/generic/tester.md source=generic
[2026-08-14T17:07:49Z] prompt: generic fallback — injecting runs/T080/ticket.md
[2026-08-14T17:07:49Z] compose: global-context=docs/ai/global-context.md
[2026-08-14T17:07:49Z] compose: role=ai/roles/tester.md
[2026-08-14T17:07:49Z] compose: skill=ai/skills/workflow-discipline.md
[2026-08-14T17:07:49Z] compose: skill=ai/skills/testing.md
[2026-08-14T17:07:49Z] compose: skill=ai/skills/debugging.md
[2026-08-14T17:07:49Z] compose: task (canonical prompt)
[2026-08-14T17:07:49Z] snapshot: runtime-prompt=runs/T080/prompts/tester-attempt-1.md
[2026-08-14T17:10:44Z] auto-run: step=tester done rc=0
[2026-08-14T17:10:44Z] auto-run: transition IMPLEMENTATION_APPROVED → TEST_COMPLETE
[2026-08-14T17:10:44Z] auto-run: auto-commit triggered (step=tester, include_code=True)
[2026-08-14T17:10:44Z] commit-checkpoint: unstaged runtime garbage: ['runs/T080/daemon.lock', 'runs/T080/runtime.log', 'runs/T080/workflow-status.md']
[2026-08-14T17:10:45Z] commit-checkpoint: sha=51a8b4a files=4 title='test(T080/workflow): tester — update 4 file(s)'
[2026-08-14T17:10:45Z] auto-run: auto-push triggered
[2026-08-14T17:10:45Z] push: tolerating runtime dirty files (not blocking): ['runs/T080/daemon.lock', 'runs/T080/runtime.log', 'runs/T080/workflow-status.md']
[2026-08-14T17:10:45Z] push: pushing branch=ticket/T080-diagnose-production-safari-ios-playback-failure-af
[2026-08-14T17:10:47Z] push: done branch=ticket/T080-diagnose-production-safari-ios-playback-failure-af
[2026-08-14T17:10:47Z] auto-run: TEST_COMPLETE — running PR lifecycle
