[2026-08-11T06:56:48Z] auto-run start: state=INIT
[2026-08-11T06:56:48Z] auto-run: running step=planner
[2026-08-11T06:56:48Z] prompt: resolved=prompts/generic/planner.md source=generic
[2026-08-11T06:56:48Z] prompt: generic fallback — injecting runs/T005/ticket.md
[2026-08-11T06:56:48Z] compose: global-context=docs/ai/global-context.md
[2026-08-11T06:56:48Z] compose: role=ai/roles/planner.md
[2026-08-11T06:56:48Z] compose: skill=ai/skills/workflow-discipline.md
[2026-08-11T06:56:48Z] compose: skill=ai/skills/architecture-discipline.md
[2026-08-11T06:56:48Z] compose: skill=ai/skills/documentation.md
[2026-08-11T06:56:48Z] compose: task (canonical prompt)
[2026-08-11T06:56:48Z] snapshot: runtime-prompt=runs/T005/prompts/planner-attempt-1.md
[2026-08-11T07:00:25Z] compose: preferring on-disk runs/T005/plan.md over chatty stdout (agent Write beat meta-report)
[2026-08-11T07:00:25Z] auto-run: step=planner done rc=0
[2026-08-11T07:18:57Z] auto-run start: state=IMPLEMENTATION_APPROVED
[2026-08-11T07:18:57Z] auto-run: running step=tester
[2026-08-11T07:18:57Z] prompt: resolved=prompts/generic/tester.md source=generic
[2026-08-11T07:18:57Z] prompt: generic fallback — injecting runs/T005/ticket.md
[2026-08-11T07:18:57Z] compose: global-context=docs/ai/global-context.md
[2026-08-11T07:18:57Z] compose: role=ai/roles/tester.md
[2026-08-11T07:18:57Z] compose: skill=ai/skills/workflow-discipline.md
[2026-08-11T07:18:57Z] compose: skill=ai/skills/testing.md
[2026-08-11T07:18:57Z] compose: skill=ai/skills/debugging.md
[2026-08-11T07:18:57Z] compose: task (canonical prompt)
[2026-08-11T07:18:57Z] snapshot: runtime-prompt=runs/T005/prompts/tester-attempt-1.md
[2026-08-11T07:22:11Z] auto-run: step=tester done rc=0
[2026-08-11T07:22:11Z] auto-run: transition IMPLEMENTATION_APPROVED → TEST_COMPLETE
[2026-08-11T07:22:11Z] auto-run: auto-commit triggered (step=tester, include_code=True)
[2026-08-11T07:22:11Z] commit-checkpoint: unstaged runtime garbage: ['runs/T005/daemon.lock', 'runs/T005/runtime.log', 'runs/T005/workflow-status.md']
[2026-08-11T07:22:11Z] commit-checkpoint: sha=b983696 files=4 title='test(T005/workflow): tester — update 4 file(s)'
[2026-08-11T07:22:11Z] auto-run: auto-push triggered
[2026-08-11T07:22:11Z] push: tolerating runtime dirty files (not blocking): ['runs/T005/daemon.lock', 'runs/T005/runtime.log', 'runs/T005/workflow-status.md']
[2026-08-11T07:22:11Z] push: pushing branch=ticket/T005-implement-xtream-codes-catalog-ingestion
[2026-08-11T07:22:13Z] push: done branch=ticket/T005-implement-xtream-codes-catalog-ingestion
[2026-08-11T07:22:13Z] auto-run: TEST_COMPLETE — running PR lifecycle
