[2026-08-19T13:08:32Z] auto-run start: state=INIT
[2026-08-19T13:08:32Z] auto-run: running step=planner
[2026-08-19T13:08:34Z] auto-run: pre-planner rebase onto integration ok
[2026-08-19T13:08:34Z] prompt: resolved=prompts/generic/planner.md source=generic
[2026-08-19T13:08:34Z] prompt: generic fallback — injecting runs/T115/ticket.md
[2026-08-19T13:08:34Z] compose: global-context=docs/ai/global-context.md
[2026-08-19T13:08:34Z] compose: role=ai/roles/planner.md
[2026-08-19T13:08:34Z] compose: skill=ai/skills/workflow-discipline.md
[2026-08-19T13:08:34Z] compose: skill=ai/skills/architecture-discipline.md
[2026-08-19T13:08:34Z] compose: skill=ai/skills/documentation.md
[2026-08-19T13:08:34Z] compose: task (canonical prompt)
[2026-08-19T13:08:34Z] snapshot: runtime-prompt=runs/T115/prompts/planner-attempt-1.md
[2026-08-19T13:13:12Z] compose: preferring on-disk runs/T115/plan.md over chatty stdout (agent Write beat meta-report)
[2026-08-19T13:13:12Z] auto-run: step=planner done rc=0
[2026-08-19T13:48:38Z] conflict-resolver: git rebase origin/main exit=0
[2026-08-19T13:48:38Z] conflict-resolver: rebase clean — no conflicts
[2026-08-19T13:48:38Z] conflict-resolver: running tests
[2026-08-19T13:48:38Z] conflict-resolver: test-report written: runs/T115/conflict/test-report.md
[2026-08-19T13:48:38Z] conflict-resolver: staging and committing resolution artifacts
[2026-08-19T14:12:36Z] conflict-resolver: git rebase origin/main exit=0
[2026-08-19T14:12:36Z] conflict-resolver: rebase clean — no conflicts
[2026-08-19T14:12:36Z] conflict-resolver: running tests
[2026-08-19T14:12:36Z] conflict-resolver: test-report written: runs/T115/conflict/test-report.md
[2026-08-19T14:12:36Z] conflict-resolver: staging and committing resolution artifacts
[2026-08-19T14:53:58Z] conflict-resolver: git rebase origin/main exit=0
[2026-08-19T14:53:58Z] conflict-resolver: rebase clean — no conflicts
[2026-08-19T14:53:58Z] conflict-resolver: running tests
[2026-08-19T14:53:58Z] conflict-resolver: test-report written: runs/T115/conflict/test-report.md
[2026-08-19T14:53:58Z] conflict-resolver: staging and committing resolution artifacts
[2026-08-19T16:38:52Z] conflict-resolver: git rebase origin/main exit=0
[2026-08-19T16:38:52Z] conflict-resolver: rebase clean — no conflicts
[2026-08-19T16:38:52Z] conflict-resolver: running tests
[2026-08-19T16:38:52Z] conflict-resolver: test-report written: runs/T115/conflict/test-report.md
[2026-08-19T16:38:52Z] conflict-resolver: staging and committing resolution artifacts
[2026-08-20T21:55:36Z] auto-run start: state=IMPLEMENTATION_APPROVED
[2026-08-20T21:55:36Z] auto-run: running step=tester
[2026-08-20T21:55:38Z] auto-run: pre-tester rebase onto integration ok
[2026-08-20T21:55:38Z] prompt: resolved=prompts/generic/tester.md source=generic
[2026-08-20T21:55:38Z] prompt: generic fallback — injecting runs/T115/ticket.md
[2026-08-20T21:55:38Z] compose: global-context=docs/ai/global-context.md
[2026-08-20T21:55:38Z] compose: role=ai/roles/tester.md
[2026-08-20T21:55:38Z] compose: skill=ai/skills/workflow-discipline.md
[2026-08-20T21:55:38Z] compose: skill=ai/skills/testing.md
[2026-08-20T21:55:38Z] compose: skill=ai/skills/debugging.md
[2026-08-20T21:55:38Z] compose: task (canonical prompt)
[2026-08-20T21:55:38Z] snapshot: runtime-prompt=runs/T115/prompts/tester-attempt-1.md
[2026-08-20T22:01:09Z] auto-run: step=tester done rc=0
[2026-08-20T22:01:09Z] auto-run: transition IMPLEMENTATION_APPROVED → TEST_COMPLETE
[2026-08-20T22:01:09Z] auto-run: auto-commit triggered (step=tester, include_code=True)
[2026-08-20T22:01:09Z] commit-checkpoint: unstaged runtime garbage: ['apps/api/node_modules/.vite/vitest/results.json', 'runs/T115/daemon.lock', 'runs/T115/runtime.log', 'runs/T115/workflow-status.md']
[2026-08-20T22:01:09Z] commit-checkpoint: sha=c6fcc895 files=4 title='test(T115/workflow): tester — update 4 file(s)'
[2026-08-20T22:01:09Z] auto-run: auto-push triggered
[2026-08-20T22:01:09Z] push: tolerating runtime dirty files (not blocking): ['apps/api/node_modules/.vite/vitest/results.json', 'runs/T115/daemon.lock', 'runs/T115/runtime.log', 'runs/T115/workflow-status.md']
[2026-08-20T22:01:09Z] push: pushing branch=ticket/T115-complete-catalog-enrichment-and-make-refresh-failu
[2026-08-20T22:01:11Z] push: done branch=ticket/T115-complete-catalog-enrichment-and-make-refresh-failu
[2026-08-20T22:01:11Z] auto-run: TEST_COMPLETE — running PR lifecycle
