[2026-08-11T11:09:52Z] auto-run start: state=INIT
[2026-08-11T11:09:52Z] auto-run: running step=planner
[2026-08-11T11:09:52Z] prompt: resolved=prompts/generic/planner.md source=generic
[2026-08-11T11:09:52Z] prompt: generic fallback — injecting runs/T010/ticket.md
[2026-08-11T11:09:52Z] compose: global-context=docs/ai/global-context.md
[2026-08-11T11:09:52Z] compose: role=ai/roles/planner.md
[2026-08-11T11:09:52Z] compose: skill=ai/skills/workflow-discipline.md
[2026-08-11T11:09:52Z] compose: skill=ai/skills/architecture-discipline.md
[2026-08-11T11:09:52Z] compose: skill=ai/skills/documentation.md
[2026-08-11T11:09:52Z] compose: task (canonical prompt)
[2026-08-11T11:09:52Z] snapshot: runtime-prompt=runs/T010/prompts/planner-attempt-1.md
[2026-08-11T11:13:53Z] auto-run: step=planner done rc=0
[2026-08-11T11:34:20Z] auto-run start: state=IMPLEMENTATION_APPROVED
[2026-08-11T11:34:20Z] auto-run: running step=tester
[2026-08-11T11:34:20Z] prompt: resolved=prompts/generic/tester.md source=generic
[2026-08-11T11:34:20Z] prompt: generic fallback — injecting runs/T010/ticket.md
[2026-08-11T11:34:20Z] compose: global-context=docs/ai/global-context.md
[2026-08-11T11:34:20Z] compose: role=ai/roles/tester.md
[2026-08-11T11:34:20Z] compose: skill=ai/skills/workflow-discipline.md
[2026-08-11T11:34:20Z] compose: skill=ai/skills/testing.md
[2026-08-11T11:34:20Z] compose: skill=ai/skills/debugging.md
[2026-08-11T11:34:20Z] compose: task (canonical prompt)
[2026-08-11T11:34:20Z] snapshot: runtime-prompt=runs/T010/prompts/tester-attempt-1.md
[2026-08-11T11:40:49Z] auto-run: step=tester done rc=0
[2026-08-11T11:40:49Z] auto-run: transition IMPLEMENTATION_APPROVED → TEST_COMPLETE
[2026-08-11T11:40:49Z] auto-run: auto-commit triggered (step=tester, include_code=True)
[2026-08-11T11:40:49Z] commit-checkpoint: unstaged runtime garbage: ['apps/api/node_modules/.vite/vitest/results.json', 'runs/T010/daemon.lock', 'runs/T010/runtime.log', 'runs/T010/workflow-status.md']
[2026-08-11T11:40:49Z] commit-checkpoint: sha=764f7f3 files=3 title='test(T010/workflow): tester — update 3 file(s)'
[2026-08-11T11:40:49Z] auto-run: auto-push triggered
[2026-08-11T11:40:49Z] push: tolerating runtime dirty files (not blocking): ['apps/api/node_modules/.vite/vitest/results.json', 'runs/T010/daemon.lock', 'runs/T010/runtime.log', 'runs/T010/workflow-status.md']
[2026-08-11T11:40:49Z] push: pushing branch=ticket/T010-integrate-external-movie-and-series-metadata-enric
[2026-08-11T11:40:51Z] push: done branch=ticket/T010-integrate-external-movie-and-series-metadata-enric
[2026-08-11T11:40:51Z] auto-run: TEST_COMPLETE — running PR lifecycle
