[2026-08-11T11:09:50Z] auto-run start: state=INIT
[2026-08-11T11:09:50Z] auto-run: running step=planner
[2026-08-11T11:09:50Z] prompt: resolved=prompts/generic/planner.md source=generic
[2026-08-11T11:09:50Z] prompt: generic fallback — injecting runs/T009/ticket.md
[2026-08-11T11:09:50Z] compose: global-context=docs/ai/global-context.md
[2026-08-11T11:09:50Z] compose: role=ai/roles/planner.md
[2026-08-11T11:09:50Z] compose: skill=ai/skills/workflow-discipline.md
[2026-08-11T11:09:50Z] compose: skill=ai/skills/architecture-discipline.md
[2026-08-11T11:09:50Z] compose: skill=ai/skills/documentation.md
[2026-08-11T11:09:50Z] compose: task (canonical prompt)
[2026-08-11T11:09:50Z] snapshot: runtime-prompt=runs/T009/prompts/planner-attempt-1.md
[2026-08-11T11:12:21Z] compose: preferring on-disk runs/T009/plan.md over chatty stdout (agent Write beat meta-report)
[2026-08-11T11:12:21Z] auto-run: step=planner done rc=0
[2026-08-11T11:16:27Z] auto-run start: state=IMPLEMENTATION_APPROVED
[2026-08-11T11:16:27Z] auto-run: running step=tester
[2026-08-11T11:16:27Z] prompt: resolved=prompts/generic/tester.md source=generic
[2026-08-11T11:16:27Z] prompt: generic fallback — injecting runs/T009/ticket.md
[2026-08-11T11:16:27Z] compose: global-context=docs/ai/global-context.md
[2026-08-11T11:16:27Z] compose: role=ai/roles/tester.md
[2026-08-11T11:16:27Z] compose: skill=ai/skills/workflow-discipline.md
[2026-08-11T11:16:27Z] compose: skill=ai/skills/testing.md
[2026-08-11T11:16:27Z] compose: skill=ai/skills/debugging.md
[2026-08-11T11:16:27Z] compose: task (canonical prompt)
[2026-08-11T11:16:27Z] snapshot: runtime-prompt=runs/T009/prompts/tester-attempt-1.md
[2026-08-11T11:17:45Z] auto-run: step=tester done rc=0
[2026-08-11T11:17:45Z] auto-run: transition IMPLEMENTATION_APPROVED → TEST_COMPLETE
[2026-08-11T11:17:45Z] auto-run: auto-commit triggered (step=tester, include_code=True)
[2026-08-11T11:17:46Z] commit-checkpoint: unstaged runtime garbage: ['runs/T009/daemon.lock', 'runs/T009/runtime.log', 'runs/T009/workflow-status.md']
[2026-08-11T11:17:46Z] commit-checkpoint: sha=663678e files=4 title='test(T009/workflow): tester — update 4 file(s)'
[2026-08-11T11:17:46Z] auto-run: auto-push triggered
[2026-08-11T11:17:46Z] push: tolerating runtime dirty files (not blocking): ['runs/T009/daemon.lock', 'runs/T009/runtime.log', 'runs/T009/workflow-status.md']
[2026-08-11T11:17:46Z] push: pushing branch=ticket/T009-document-iptvflix-product-vision-and-technical-arc
[2026-08-11T11:17:47Z] push: done branch=ticket/T009-document-iptvflix-product-vision-and-technical-arc
[2026-08-11T11:17:48Z] auto-run: TEST_COMPLETE — running PR lifecycle
