[2026-08-13T01:22:02Z] auto-run start: state=INIT
[2026-08-13T01:22:02Z] auto-run: running step=planner
[2026-08-13T01:22:07Z] auto-run: pre-planner rebase onto integration ok
[2026-08-13T01:22:08Z] prompt: resolved=prompts/generic/planner.md source=generic
[2026-08-13T01:22:08Z] prompt: generic fallback — injecting runs/T050/ticket.md
[2026-08-13T01:22:08Z] compose: global-context=docs/ai/global-context.md
[2026-08-13T01:22:08Z] compose: role=ai/roles/planner.md
[2026-08-13T01:22:08Z] compose: skill=ai/skills/workflow-discipline.md
[2026-08-13T01:22:08Z] compose: skill=ai/skills/architecture-discipline.md
[2026-08-13T01:22:08Z] compose: skill=ai/skills/documentation.md
[2026-08-13T01:22:08Z] compose: task (canonical prompt)
[2026-08-13T01:22:08Z] snapshot: runtime-prompt=runs/T050/prompts/planner-attempt-1.md
[2026-08-13T01:26:42Z] compose: preferring on-disk runs/T050/plan.md over chatty stdout (agent Write beat meta-report)
[2026-08-13T01:26:42Z] auto-run: step=planner done rc=0
[2026-08-13T01:47:03Z] conflict-resolver: git rebase origin/main exit=0
[2026-08-13T01:47:03Z] conflict-resolver: rebase clean — no conflicts
[2026-08-13T01:47:03Z] conflict-resolver: running tests
[2026-08-13T01:47:03Z] conflict-resolver: test-report written: runs/T050/conflict/test-report.md
[2026-08-13T01:47:03Z] conflict-resolver: staging and committing resolution artifacts
[2026-08-13T01:54:51Z] auto-run start: state=IMPLEMENTATION_APPROVED
[2026-08-13T01:54:51Z] auto-run: running step=tester
[2026-08-13T01:54:52Z] auto-run: pre-tester rebase onto integration ok
[2026-08-13T01:54:52Z] prompt: resolved=prompts/generic/tester.md source=generic
[2026-08-13T01:54:52Z] prompt: generic fallback — injecting runs/T050/ticket.md
[2026-08-13T01:54:52Z] compose: global-context=docs/ai/global-context.md
[2026-08-13T01:54:52Z] compose: role=ai/roles/tester.md
[2026-08-13T01:54:52Z] compose: skill=ai/skills/workflow-discipline.md
[2026-08-13T01:54:52Z] compose: skill=ai/skills/testing.md
[2026-08-13T01:54:52Z] compose: skill=ai/skills/debugging.md
[2026-08-13T01:54:52Z] compose: task (canonical prompt)
[2026-08-13T01:54:52Z] snapshot: runtime-prompt=runs/T050/prompts/tester-attempt-1.md
[2026-08-13T01:58:48Z] auto-run: step=tester done rc=0
[2026-08-13T01:58:48Z] auto-run: transition IMPLEMENTATION_APPROVED → TEST_COMPLETE
[2026-08-13T01:58:48Z] auto-run: auto-commit triggered (step=tester, include_code=True)
[2026-08-13T01:58:48Z] commit-checkpoint: unstaged runtime garbage: ['apps/api/node_modules/.vite/vitest/results.json', 'apps/web/node_modules/.vite/vitest/results.json', 'runs/T050/daemon.lock', 'runs/T050/runtime.log', 'runs/T050/workflow-status.md']
[2026-08-13T01:58:48Z] commit-checkpoint: sha=932fbe9 files=3 title='test(T050/workflow): tester — update 3 file(s)'
[2026-08-13T01:58:48Z] auto-run: auto-push triggered
[2026-08-13T01:58:48Z] push: tolerating runtime dirty files (not blocking): ['apps/api/node_modules/.vite/vitest/results.json', 'apps/web/node_modules/.vite/vitest/results.json', 'runs/T050/daemon.lock', 'runs/T050/runtime.log', 'runs/T050/workflow-status.md']
[2026-08-13T01:58:48Z] push: pushing branch=ticket/T050-add-secure-web-playback-flow-from-selected-availab
[2026-08-13T01:58:50Z] push: done branch=ticket/T050-add-secure-web-playback-flow-from-selected-availab
[2026-08-13T01:58:50Z] auto-run: TEST_COMPLETE — running PR lifecycle
