[2026-08-12T22:29:31Z] auto-run start: state=INIT
[2026-08-12T22:29:31Z] auto-run: running step=planner
[2026-08-12T22:29:33Z] auto-run: pre-planner rebase onto integration ok
[2026-08-12T22:29:33Z] prompt: resolved=prompts/generic/planner.md source=generic
[2026-08-12T22:29:33Z] prompt: generic fallback — injecting runs/T053/ticket.md
[2026-08-12T22:29:33Z] compose: global-context=docs/ai/global-context.md
[2026-08-12T22:29:33Z] compose: role=ai/roles/planner.md
[2026-08-12T22:29:33Z] compose: skill=ai/skills/workflow-discipline.md
[2026-08-12T22:29:33Z] compose: skill=ai/skills/architecture-discipline.md
[2026-08-12T22:29:33Z] compose: skill=ai/skills/documentation.md
[2026-08-12T22:29:33Z] compose: task (canonical prompt)
[2026-08-12T22:29:33Z] snapshot: runtime-prompt=runs/T053/prompts/planner-attempt-1.md
[2026-08-12T22:33:44Z] compose: preferring on-disk runs/T053/plan.md over chatty stdout (agent Write beat meta-report)
[2026-08-12T22:33:44Z] auto-run: step=planner done rc=0
[2026-08-12T23:07:18Z] auto-run start: state=IMPLEMENTATION_APPROVED
[2026-08-12T23:07:18Z] auto-run: running step=tester
[2026-08-12T23:07:19Z] auto-run: pre-tester rebase onto integration ok
[2026-08-12T23:07:19Z] prompt: resolved=prompts/generic/tester.md source=generic
[2026-08-12T23:07:19Z] prompt: generic fallback — injecting runs/T053/ticket.md
[2026-08-12T23:07:19Z] compose: global-context=docs/ai/global-context.md
[2026-08-12T23:07:19Z] compose: role=ai/roles/tester.md
[2026-08-12T23:07:19Z] compose: skill=ai/skills/workflow-discipline.md
[2026-08-12T23:07:19Z] compose: skill=ai/skills/testing.md
[2026-08-12T23:07:19Z] compose: skill=ai/skills/debugging.md
[2026-08-12T23:07:19Z] compose: task (canonical prompt)
[2026-08-12T23:07:19Z] snapshot: runtime-prompt=runs/T053/prompts/tester-attempt-1.md
[2026-08-12T23:14:01Z] auto-run: step=tester done rc=0
[2026-08-12T23:14:01Z] auto-run: transition IMPLEMENTATION_APPROVED → TEST_COMPLETE
[2026-08-12T23:14:01Z] auto-run: auto-commit triggered (step=tester, include_code=True)
[2026-08-12T23:14:01Z] commit-checkpoint: unstaged runtime garbage: ['apps/api/node_modules/.vite/vitest/results.json', 'apps/web/node_modules/.vite/vitest/results.json', 'runs/T053/daemon.lock', 'runs/T053/runtime.log', 'runs/T053/workflow-status.md']
[2026-08-12T23:14:01Z] commit-checkpoint: sha=7e15e28 files=3 title='test(T053/workflow): tester — update 3 file(s)'
[2026-08-12T23:14:01Z] auto-run: auto-push triggered
[2026-08-12T23:14:01Z] push: tolerating runtime dirty files (not blocking): ['apps/api/node_modules/.vite/vitest/results.json', 'apps/web/node_modules/.vite/vitest/results.json', 'runs/T053/daemon.lock', 'runs/T053/runtime.log', 'runs/T053/workflow-status.md']
[2026-08-12T23:14:01Z] push: pushing branch=ticket/T053-enrich-movie-and-series-detail-pages-with-complete
[2026-08-12T23:14:03Z] push: done branch=ticket/T053-enrich-movie-and-series-detail-pages-with-complete
[2026-08-12T23:14:03Z] auto-run: TEST_COMPLETE — running PR lifecycle
