[2026-08-12T09:20:32Z] auto-run start: state=INIT
[2026-08-12T09:20:33Z] auto-run: running step=planner
[2026-08-12T09:20:38Z] auto-run: pre-planner rebase onto integration ok
[2026-08-12T09:20:38Z] prompt: resolved=prompts/generic/planner.md source=generic
[2026-08-12T09:20:38Z] prompt: generic fallback — injecting runs/T030/ticket.md
[2026-08-12T09:20:38Z] compose: global-context=docs/ai/global-context.md
[2026-08-12T09:20:38Z] compose: role=ai/roles/planner.md
[2026-08-12T09:20:38Z] compose: skill=ai/skills/workflow-discipline.md
[2026-08-12T09:20:38Z] compose: skill=ai/skills/architecture-discipline.md
[2026-08-12T09:20:38Z] compose: skill=ai/skills/documentation.md
[2026-08-12T09:20:38Z] compose: task (canonical prompt)
[2026-08-12T09:20:38Z] snapshot: runtime-prompt=runs/T030/prompts/planner-attempt-1.md
[2026-08-12T09:24:36Z] auto-run: step=planner done rc=0
[2026-08-12T09:38:34Z] conflict-resolver: git rebase origin/main exit=0
[2026-08-12T09:38:34Z] conflict-resolver: rebase clean — no conflicts
[2026-08-12T09:38:34Z] conflict-resolver: running tests
[2026-08-12T09:38:34Z] conflict-resolver: test-report written: runs/T030/conflict/test-report.md
[2026-08-12T09:38:34Z] conflict-resolver: staging and committing resolution artifacts
[2026-08-12T09:39:46Z] conflict-resolver: git rebase origin/main exit=0
[2026-08-12T09:39:46Z] conflict-resolver: rebase clean — no conflicts
[2026-08-12T09:39:46Z] conflict-resolver: running tests
[2026-08-12T09:39:46Z] conflict-resolver: test-report written: runs/T030/conflict/test-report.md
[2026-08-12T09:39:46Z] conflict-resolver: staging and committing resolution artifacts
[2026-08-12T09:40:23Z] auto-run start: state=IMPLEMENTATION_APPROVED
[2026-08-12T09:40:23Z] auto-run: running step=tester
[2026-08-12T09:40:25Z] auto-run: pre-tester rebase onto integration ok
[2026-08-12T09:40:25Z] prompt: resolved=prompts/generic/tester.md source=generic
[2026-08-12T09:40:25Z] prompt: generic fallback — injecting runs/T030/ticket.md
[2026-08-12T09:40:25Z] compose: global-context=docs/ai/global-context.md
[2026-08-12T09:40:25Z] compose: role=ai/roles/tester.md
[2026-08-12T09:40:25Z] compose: skill=ai/skills/workflow-discipline.md
[2026-08-12T09:40:25Z] compose: skill=ai/skills/testing.md
[2026-08-12T09:40:25Z] compose: skill=ai/skills/debugging.md
[2026-08-12T09:40:25Z] compose: task (canonical prompt)
[2026-08-12T09:40:25Z] snapshot: runtime-prompt=runs/T030/prompts/tester-attempt-1.md
[2026-08-12T09:42:32Z] auto-run: step=tester done rc=0
[2026-08-12T09:42:32Z] auto-run: transition IMPLEMENTATION_APPROVED → TEST_COMPLETE
[2026-08-12T09:42:32Z] auto-run: auto-commit triggered (step=tester, include_code=True)
[2026-08-12T09:42:33Z] commit-checkpoint: unstaged runtime garbage: ['apps/api/node_modules/.vite/vitest/results.json', 'runs/T030/daemon.lock', 'runs/T030/runtime.log', 'runs/T030/workflow-status.md']
[2026-08-12T09:42:33Z] commit-checkpoint: sha=679b891 files=3 title='test(T030/workflow): tester — update 3 file(s)'
[2026-08-12T09:42:33Z] auto-run: auto-push triggered
[2026-08-12T09:42:33Z] push: tolerating runtime dirty files (not blocking): ['apps/api/node_modules/.vite/vitest/results.json', 'runs/T030/daemon.lock', 'runs/T030/runtime.log', 'runs/T030/workflow-status.md']
[2026-08-12T09:42:33Z] push: pushing branch=ticket/T030-bound-and-harden-xtream-per-series-episode-metadat
[2026-08-12T09:42:35Z] push: done branch=ticket/T030-bound-and-harden-xtream-per-series-episode-metadat
[2026-08-12T09:42:35Z] auto-run: TEST_COMPLETE — running PR lifecycle
