[2026-08-12T23:14:29Z] auto-run start: state=INIT
[2026-08-12T23:14:29Z] auto-run: running step=planner
[2026-08-12T23:14:34Z] auto-run: pre-planner rebase onto integration ok
[2026-08-12T23:14:34Z] prompt: resolved=prompts/generic/planner.md source=generic
[2026-08-12T23:14:34Z] prompt: generic fallback — injecting runs/T055/ticket.md
[2026-08-12T23:14:34Z] compose: global-context=docs/ai/global-context.md
[2026-08-12T23:14:34Z] compose: role=ai/roles/planner.md
[2026-08-12T23:14:34Z] compose: skill=ai/skills/workflow-discipline.md
[2026-08-12T23:14:34Z] compose: skill=ai/skills/architecture-discipline.md
[2026-08-12T23:14:34Z] compose: skill=ai/skills/documentation.md
[2026-08-12T23:14:34Z] compose: task (canonical prompt)
[2026-08-12T23:14:34Z] snapshot: runtime-prompt=runs/T055/prompts/planner-attempt-1.md
[2026-08-12T23:17:55Z] compose: preferring on-disk runs/T055/plan.md over chatty stdout (agent Write beat meta-report)
[2026-08-12T23:17:55Z] auto-run: step=planner done rc=0
[2026-08-12T23:37:39Z] conflict-resolver: git rebase origin/main exit=0
[2026-08-12T23:37:39Z] conflict-resolver: rebase clean — no conflicts
[2026-08-12T23:37:39Z] conflict-resolver: running tests
[2026-08-12T23:37:39Z] conflict-resolver: test-report written: runs/T055/conflict/test-report.md
[2026-08-12T23:37:39Z] conflict-resolver: staging and committing resolution artifacts
[2026-08-12T23:49:02Z] auto-run start: state=IMPLEMENTATION_APPROVED
[2026-08-12T23:49:02Z] auto-run: running step=tester
[2026-08-12T23:49:04Z] auto-run: pre-tester rebase onto integration ok
[2026-08-12T23:49:04Z] prompt: resolved=prompts/generic/tester.md source=generic
[2026-08-12T23:49:04Z] prompt: generic fallback — injecting runs/T055/ticket.md
[2026-08-12T23:49:04Z] compose: global-context=docs/ai/global-context.md
[2026-08-12T23:49:04Z] compose: role=ai/roles/tester.md
[2026-08-12T23:49:04Z] compose: skill=ai/skills/workflow-discipline.md
[2026-08-12T23:49:04Z] compose: skill=ai/skills/testing.md
[2026-08-12T23:49:04Z] compose: skill=ai/skills/debugging.md
[2026-08-12T23:49:04Z] compose: task (canonical prompt)
[2026-08-12T23:49:04Z] snapshot: runtime-prompt=runs/T055/prompts/tester-attempt-1.md
[2026-08-12T23:52:52Z] auto-run: step=tester done rc=0
[2026-08-12T23:52:52Z] auto-run: transition IMPLEMENTATION_APPROVED → TEST_COMPLETE
[2026-08-12T23:52:52Z] auto-run: auto-commit triggered (step=tester, include_code=True)
[2026-08-12T23:52:53Z] commit-checkpoint: unstaged runtime garbage: ['apps/api/node_modules/.vite/vitest/results.json', 'runs/T055/daemon.lock', 'runs/T055/runtime.log', 'runs/T055/workflow-status.md']
[2026-08-12T23:52:53Z] commit-checkpoint: sha=7bf3836 files=3 title='test(T055/workflow): tester — update 3 file(s)'
[2026-08-12T23:52:53Z] auto-run: auto-push triggered
[2026-08-12T23:52:53Z] push: tolerating runtime dirty files (not blocking): ['apps/api/node_modules/.vite/vitest/results.json', 'runs/T055/daemon.lock', 'runs/T055/runtime.log', 'runs/T055/workflow-status.md']
[2026-08-12T23:52:53Z] push: pushing branch=ticket/T055-add-secure-tv-device-pairing-and-remote-playback-c
[2026-08-12T23:52:55Z] push: done branch=ticket/T055-add-secure-tv-device-pairing-and-remote-playback-c
[2026-08-12T23:52:55Z] auto-run: TEST_COMPLETE — running PR lifecycle
