[2026-08-12T07:23:05Z] auto-run start: state=INIT
[2026-08-12T07:23:05Z] auto-run: running step=planner
[2026-08-12T07:23:10Z] auto-run: pre-planner rebase onto integration ok
[2026-08-12T07:23:10Z] prompt: resolved=prompts/generic/planner.md source=generic
[2026-08-12T07:23:10Z] prompt: generic fallback — injecting runs/T027/ticket.md
[2026-08-12T07:23:10Z] compose: global-context=docs/ai/global-context.md
[2026-08-12T07:23:10Z] compose: role=ai/roles/planner.md
[2026-08-12T07:23:10Z] compose: skill=ai/skills/workflow-discipline.md
[2026-08-12T07:23:10Z] compose: skill=ai/skills/architecture-discipline.md
[2026-08-12T07:23:10Z] compose: skill=ai/skills/documentation.md
[2026-08-12T07:23:10Z] compose: task (canonical prompt)
[2026-08-12T07:23:10Z] snapshot: runtime-prompt=runs/T027/prompts/planner-attempt-1.md
[2026-08-12T07:28:10Z] compose: preferring on-disk runs/T027/plan.md over chatty stdout (agent Write beat meta-report)
[2026-08-12T07:28:10Z] auto-run: step=planner done rc=0
[2026-08-12T07:51:45Z] auto-run start: state=IMPLEMENTATION_APPROVED
[2026-08-12T07:51:45Z] auto-run: running step=tester
[2026-08-12T07:51:47Z] auto-run: pre-tester rebase onto integration ok
[2026-08-12T07:51:47Z] prompt: resolved=prompts/generic/tester.md source=generic
[2026-08-12T07:51:47Z] prompt: generic fallback — injecting runs/T027/ticket.md
[2026-08-12T07:51:47Z] compose: global-context=docs/ai/global-context.md
[2026-08-12T07:51:47Z] compose: role=ai/roles/tester.md
[2026-08-12T07:51:47Z] compose: skill=ai/skills/workflow-discipline.md
[2026-08-12T07:51:47Z] compose: skill=ai/skills/testing.md
[2026-08-12T07:51:47Z] compose: skill=ai/skills/debugging.md
[2026-08-12T07:51:47Z] compose: task (canonical prompt)
[2026-08-12T07:51:47Z] snapshot: runtime-prompt=runs/T027/prompts/tester-attempt-1.md
[2026-08-12T07:54:10Z] auto-run: step=tester done rc=0
[2026-08-12T07:54:10Z] auto-run: transition IMPLEMENTATION_APPROVED → TEST_COMPLETE
[2026-08-12T07:54:10Z] auto-run: auto-commit triggered (step=tester, include_code=True)
[2026-08-12T07:54:10Z] commit-checkpoint: unstaged runtime garbage: ['apps/api/node_modules/.vite/vitest/results.json', 'node_modules', 'runs/T027/daemon.lock', 'runs/T027/runtime.log', 'runs/T027/workflow-status.md']
[2026-08-12T07:54:10Z] commit-checkpoint: sha=766c9f5 files=3 title='test(T027/workflow): tester — update 3 file(s)'
[2026-08-12T07:54:10Z] auto-run: auto-push triggered
[2026-08-12T07:54:10Z] push: tolerating runtime dirty files (not blocking): ['apps/api/node_modules/.vite/vitest/results.json', 'runs/T027/daemon.lock', 'runs/T027/runtime.log', 'runs/T027/workflow-status.md', 'node_modules']
[2026-08-12T07:54:10Z] push: pushing branch=ticket/T027-wire-source-availability-lifecycle-into-idempotent
[2026-08-12T07:54:12Z] push: done branch=ticket/T027-wire-source-availability-lifecycle-into-idempotent
[2026-08-12T07:54:13Z] auto-run: TEST_COMPLETE — running PR lifecycle
