[2026-08-17T20:04:41Z] auto-run start: state=INIT
[2026-08-17T20:04:41Z] auto-run: running step=planner
[2026-08-17T20:04:42Z] auto-run: pre-planner rebase onto integration ok
[2026-08-17T20:04:42Z] prompt: resolved=prompts/generic/planner.md source=generic
[2026-08-17T20:04:42Z] prompt: generic fallback — injecting runs/T089/ticket.md
[2026-08-17T20:04:42Z] compose: global-context=docs/ai/global-context.md
[2026-08-17T20:04:42Z] compose: role=ai/roles/planner.md
[2026-08-17T20:04:42Z] compose: skill=ai/skills/workflow-discipline.md
[2026-08-17T20:04:42Z] compose: skill=ai/skills/architecture-discipline.md
[2026-08-17T20:04:42Z] compose: skill=ai/skills/documentation.md
[2026-08-17T20:04:42Z] compose: task (canonical prompt)
[2026-08-17T20:04:42Z] snapshot: runtime-prompt=runs/T089/prompts/planner-attempt-1.md
[2026-08-17T20:09:38Z] compose: preferring on-disk runs/T089/plan.md over chatty stdout (agent Write beat meta-report)
[2026-08-17T20:09:38Z] auto-run: step=planner done rc=0
[2026-08-17T20:19:46Z] auto-run start: state=IMPLEMENTATION_APPROVED
[2026-08-17T20:19:46Z] auto-run: running step=tester
[2026-08-17T20:19:48Z] auto-run: pre-tester rebase onto integration ok
[2026-08-17T20:19:48Z] prompt: resolved=prompts/generic/tester.md source=generic
[2026-08-17T20:19:48Z] prompt: generic fallback — injecting runs/T089/ticket.md
[2026-08-17T20:19:48Z] compose: global-context=docs/ai/global-context.md
[2026-08-17T20:19:48Z] compose: role=ai/roles/tester.md
[2026-08-17T20:19:48Z] compose: skill=ai/skills/workflow-discipline.md
[2026-08-17T20:19:48Z] compose: skill=ai/skills/testing.md
[2026-08-17T20:19:48Z] compose: skill=ai/skills/debugging.md
[2026-08-17T20:19:48Z] compose: task (canonical prompt)
[2026-08-17T20:19:48Z] snapshot: runtime-prompt=runs/T089/prompts/tester-attempt-1.md
[2026-08-17T20:21:59Z] auto-run: step=tester done rc=0
[2026-08-17T20:21:59Z] auto-run: transition IMPLEMENTATION_APPROVED → TEST_COMPLETE
[2026-08-17T20:21:59Z] auto-run: auto-commit triggered (step=tester, include_code=True)
[2026-08-17T20:21:59Z] commit-checkpoint: unstaged runtime garbage: ['apps/web/node_modules/.vite/vitest/results.json', 'runs/T089/daemon.lock', 'runs/T089/runtime.log', 'runs/T089/workflow-status.md']
[2026-08-17T20:21:59Z] commit-checkpoint: sha=b7bb568 files=4 title='test(T089/workflow): tester — update 4 file(s)'
[2026-08-17T20:21:59Z] auto-run: auto-push triggered
[2026-08-17T20:21:59Z] push: tolerating runtime dirty files (not blocking): ['apps/web/node_modules/.vite/vitest/results.json', 'runs/T089/daemon.lock', 'runs/T089/runtime.log', 'runs/T089/workflow-status.md']
[2026-08-17T20:21:59Z] push: pushing branch=ticket/T089-stabilize-vod-controls-overlay-so-seek-pause-ui-ne
[2026-08-17T20:22:01Z] push: done branch=ticket/T089-stabilize-vod-controls-overlay-so-seek-pause-ui-ne
[2026-08-17T20:22:01Z] auto-run: TEST_COMPLETE — running PR lifecycle
