[2026-08-13T18:48:47Z] auto-run start: state=INIT
[2026-08-13T18:48:47Z] auto-run: running step=planner
[2026-08-13T18:48:52Z] auto-run: pre-planner rebase onto integration ok
[2026-08-13T18:48:52Z] prompt: resolved=prompts/generic/planner.md source=generic
[2026-08-13T18:48:52Z] prompt: generic fallback — injecting runs/T069/ticket.md
[2026-08-13T18:48:52Z] compose: global-context=docs/ai/global-context.md
[2026-08-13T18:48:52Z] compose: role=ai/roles/planner.md
[2026-08-13T18:48:52Z] compose: skill=ai/skills/workflow-discipline.md
[2026-08-13T18:48:52Z] compose: skill=ai/skills/architecture-discipline.md
[2026-08-13T18:48:52Z] compose: skill=ai/skills/documentation.md
[2026-08-13T18:48:52Z] compose: task (canonical prompt)
[2026-08-13T18:48:52Z] snapshot: runtime-prompt=runs/T069/prompts/planner-attempt-1.md
[2026-08-13T18:55:27Z] auto-run: step=planner done rc=0
[2026-08-13T19:06:13Z] auto-run start: state=IMPLEMENTATION_APPROVED
[2026-08-13T19:06:13Z] auto-run: running step=tester
[2026-08-13T19:06:15Z] auto-run: pre-tester rebase onto integration ok
[2026-08-13T19:06:15Z] prompt: resolved=prompts/generic/tester.md source=generic
[2026-08-13T19:06:15Z] prompt: generic fallback — injecting runs/T069/ticket.md
[2026-08-13T19:06:15Z] compose: global-context=docs/ai/global-context.md
[2026-08-13T19:06:15Z] compose: role=ai/roles/tester.md
[2026-08-13T19:06:15Z] compose: skill=ai/skills/workflow-discipline.md
[2026-08-13T19:06:15Z] compose: skill=ai/skills/testing.md
[2026-08-13T19:06:15Z] compose: skill=ai/skills/debugging.md
[2026-08-13T19:06:15Z] compose: task (canonical prompt)
[2026-08-13T19:06:15Z] snapshot: runtime-prompt=runs/T069/prompts/tester-attempt-1.md
[2026-08-13T19:10:19Z] auto-run: step=tester done rc=0
[2026-08-13T19:10:19Z] auto-run: transition IMPLEMENTATION_APPROVED → TEST_COMPLETE
[2026-08-13T19:10:19Z] auto-run: auto-commit triggered (step=tester, include_code=True)
[2026-08-13T19:10:19Z] commit-checkpoint: unstaged runtime garbage: ['apps/api/node_modules/.vite/vitest/results.json', 'runs/T069/daemon.lock', 'runs/T069/runtime.log', 'runs/T069/workflow-status.md']
[2026-08-13T19:10:19Z] commit-checkpoint: sha=ca1e709 files=4 title='test(T069/workflow): tester — update 4 file(s)'
[2026-08-13T19:10:19Z] auto-run: auto-push triggered
[2026-08-13T19:10:19Z] push: tolerating runtime dirty files (not blocking): ['apps/api/node_modules/.vite/vitest/results.json', 'runs/T069/daemon.lock', 'runs/T069/runtime.log', 'runs/T069/workflow-status.md']
[2026-08-13T19:10:19Z] push: pushing branch=ticket/T069-migrate-existing-iptvflix-media-and-user-state-to
[2026-08-13T19:10:21Z] push: done branch=ticket/T069-migrate-existing-iptvflix-media-and-user-state-to
[2026-08-13T19:10:22Z] auto-run: TEST_COMPLETE — running PR lifecycle
