[2026-08-11T17:26:54Z] auto-run start: state=INIT
[2026-08-11T17:26:54Z] auto-run: running step=planner
[2026-08-11T17:26:59Z] auto-run: pre-planner rebase onto integration ok
[2026-08-11T17:26:59Z] prompt: resolved=prompts/generic/planner.md source=generic
[2026-08-11T17:26:59Z] prompt: generic fallback — injecting runs/T017/ticket.md
[2026-08-11T17:26:59Z] compose: global-context=docs/ai/global-context.md
[2026-08-11T17:26:59Z] compose: role=ai/roles/planner.md
[2026-08-11T17:26:59Z] compose: skill=ai/skills/workflow-discipline.md
[2026-08-11T17:26:59Z] compose: skill=ai/skills/architecture-discipline.md
[2026-08-11T17:26:59Z] compose: skill=ai/skills/documentation.md
[2026-08-11T17:26:59Z] compose: task (canonical prompt)
[2026-08-11T17:26:59Z] snapshot: runtime-prompt=runs/T017/prompts/planner-attempt-1.md
[2026-08-11T17:32:32Z] compose: preferring on-disk runs/T017/plan.md over chatty stdout (agent Write beat meta-report)
[2026-08-11T17:32:32Z] auto-run: step=planner done rc=0
[2026-08-11T20:52:08Z] conflict-resolver: git rebase origin/main exit=0
[2026-08-11T20:52:08Z] conflict-resolver: rebase clean — no conflicts
[2026-08-11T20:52:08Z] conflict-resolver: running tests
[2026-08-11T20:52:08Z] conflict-resolver: test-report written: runs/T017/conflict/test-report.md
[2026-08-11T20:52:08Z] conflict-resolver: staging and committing resolution artifacts
[2026-08-11T20:52:32Z] auto-run start: state=IMPLEMENTATION_APPROVED
[2026-08-11T20:52:32Z] auto-run: running step=tester
[2026-08-11T20:52:34Z] auto-run: pre-tester rebase onto integration ok
[2026-08-11T20:52:34Z] prompt: resolved=prompts/generic/tester.md source=generic
[2026-08-11T20:52:34Z] prompt: generic fallback — injecting runs/T017/ticket.md
[2026-08-11T20:52:34Z] compose: global-context=docs/ai/global-context.md
[2026-08-11T20:52:34Z] compose: role=ai/roles/tester.md
[2026-08-11T20:52:34Z] compose: skill=ai/skills/workflow-discipline.md
[2026-08-11T20:52:34Z] compose: skill=ai/skills/testing.md
[2026-08-11T20:52:34Z] compose: skill=ai/skills/debugging.md
[2026-08-11T20:52:34Z] compose: task (canonical prompt)
[2026-08-11T20:52:34Z] snapshot: runtime-prompt=runs/T017/prompts/tester-attempt-1.md
[2026-08-11T20:54:51Z] auto-run: step=tester done rc=0
[2026-08-11T20:54:51Z] auto-run: transition IMPLEMENTATION_APPROVED → TEST_COMPLETE
[2026-08-11T20:54:51Z] auto-run: auto-commit triggered (step=tester, include_code=True)
[2026-08-11T20:54:51Z] commit-checkpoint: unstaged runtime garbage: ['apps/api/node_modules/.vite/vitest/results.json', 'runs/T017/daemon.lock', 'runs/T017/runtime.log', 'runs/T017/workflow-status.md']
[2026-08-11T20:54:51Z] commit-checkpoint: sha=074c307 files=4 title='test(T017/workflow): tester — update 4 file(s)'
[2026-08-11T20:54:51Z] auto-run: auto-push triggered
[2026-08-11T20:54:51Z] push: tolerating runtime dirty files (not blocking): ['apps/api/node_modules/.vite/vitest/results.json', 'runs/T017/daemon.lock', 'runs/T017/runtime.log', 'runs/T017/workflow-status.md']
[2026-08-11T20:54:51Z] push: pushing branch=ticket/T017-normalize-media-availability-variants-by-language
[2026-08-11T20:54:53Z] push: done branch=ticket/T017-normalize-media-availability-variants-by-language
[2026-08-11T20:54:54Z] auto-run: TEST_COMPLETE — running PR lifecycle
