[2026-08-11T16:44:55Z] auto-run start: state=INIT
[2026-08-11T16:44:55Z] auto-run: running step=planner
[2026-08-11T16:44:56Z] auto-run: pre-planner rebase onto integration ok
[2026-08-11T16:44:56Z] prompt: resolved=prompts/generic/planner.md source=generic
[2026-08-11T16:44:56Z] prompt: generic fallback — injecting runs/T015/ticket.md
[2026-08-11T16:44:56Z] compose: global-context=docs/ai/global-context.md
[2026-08-11T16:44:56Z] compose: role=ai/roles/planner.md
[2026-08-11T16:44:56Z] compose: skill=ai/skills/workflow-discipline.md
[2026-08-11T16:44:56Z] compose: skill=ai/skills/architecture-discipline.md
[2026-08-11T16:44:56Z] compose: skill=ai/skills/documentation.md
[2026-08-11T16:44:56Z] compose: task (canonical prompt)
[2026-08-11T16:44:56Z] snapshot: runtime-prompt=runs/T015/prompts/planner-attempt-1.md
[2026-08-11T16:48:38Z] auto-run: step=planner done rc=0
[2026-08-11T16:52:17Z] auto-run start: state=IMPLEMENTATION_APPROVED
[2026-08-11T16:52:17Z] auto-run: running step=tester
[2026-08-11T16:52:18Z] auto-run: pre-tester rebase onto integration ok
[2026-08-11T16:52:19Z] prompt: resolved=prompts/generic/tester.md source=generic
[2026-08-11T16:52:19Z] prompt: generic fallback — injecting runs/T015/ticket.md
[2026-08-11T16:52:19Z] compose: global-context=docs/ai/global-context.md
[2026-08-11T16:52:19Z] compose: role=ai/roles/tester.md
[2026-08-11T16:52:19Z] compose: skill=ai/skills/workflow-discipline.md
[2026-08-11T16:52:19Z] compose: skill=ai/skills/testing.md
[2026-08-11T16:52:19Z] compose: skill=ai/skills/debugging.md
[2026-08-11T16:52:19Z] compose: task (canonical prompt)
[2026-08-11T16:52:19Z] snapshot: runtime-prompt=runs/T015/prompts/tester-attempt-1.md
[2026-08-11T16:53:19Z] auto-run: step=tester done rc=0
[2026-08-11T16:53:19Z] auto-run: transition IMPLEMENTATION_APPROVED → TEST_COMPLETE
[2026-08-11T16:53:19Z] auto-run: auto-commit triggered (step=tester, include_code=True)
[2026-08-11T16:53:19Z] commit-checkpoint: unstaged runtime garbage: ['runs/T015/daemon.lock', 'runs/T015/runtime.log', 'runs/T015/workflow-status.md']
[2026-08-11T16:53:19Z] commit-checkpoint: sha=267c77f files=3 title='test(T015/workflow): tester — update 3 file(s)'
[2026-08-11T16:53:19Z] auto-run: auto-push triggered
[2026-08-11T16:53:19Z] push: tolerating runtime dirty files (not blocking): ['runs/T015/daemon.lock', 'runs/T015/runtime.log', 'runs/T015/workflow-status.md']
[2026-08-11T16:53:19Z] push: pushing branch=ticket/T015-formalize-the-universal-media-domain-and-provider
[2026-08-11T16:53:21Z] push: done branch=ticket/T015-formalize-the-universal-media-domain-and-provider
[2026-08-11T16:53:22Z] auto-run: TEST_COMPLETE — running PR lifecycle
