[2026-08-24T12:43:49Z] auto-run start: state=INIT
[2026-08-24T12:43:49Z] auto-run: running step=planner
[2026-08-24T12:43:50Z] auto-run: pre-planner rebase onto integration ok
[2026-08-24T12:43:50Z] prompt: resolved=prompts/generic/planner.md source=generic
[2026-08-24T12:43:50Z] prompt: generic fallback — injecting runs/T129/ticket.md
[2026-08-24T12:43:50Z] compose: global-context=docs/ai/global-context.md
[2026-08-24T12:43:50Z] compose: role=ai/roles/planner.md
[2026-08-24T12:43:50Z] compose: skill=ai/skills/workflow-discipline.md
[2026-08-24T12:43:50Z] compose: skill=ai/skills/architecture-discipline.md
[2026-08-24T12:43:50Z] compose: skill=ai/skills/documentation.md
[2026-08-24T12:43:50Z] compose: task (canonical prompt)
[2026-08-24T12:43:50Z] snapshot: runtime-prompt=runs/T129/prompts/planner-attempt-1.md
[2026-08-24T12:48:17Z] auto-run: step=planner done rc=0
[2026-08-24T13:49:22Z] auto-run start: state=IMPLEMENTATION_APPROVED
[2026-08-24T13:49:22Z] auto-run: running step=tester
[2026-08-24T13:49:24Z] auto-run: pre-tester rebase onto integration ok
[2026-08-24T13:49:24Z] prompt: resolved=prompts/generic/tester.md source=generic
[2026-08-24T13:49:24Z] prompt: generic fallback — injecting runs/T129/ticket.md
[2026-08-24T13:49:24Z] compose: global-context=docs/ai/global-context.md
[2026-08-24T13:49:24Z] compose: role=ai/roles/tester.md
[2026-08-24T13:49:24Z] compose: skill=ai/skills/workflow-discipline.md
[2026-08-24T13:49:24Z] compose: skill=ai/skills/testing.md
[2026-08-24T13:49:24Z] compose: skill=ai/skills/debugging.md
[2026-08-24T13:49:24Z] compose: task (canonical prompt)
[2026-08-24T13:49:24Z] snapshot: runtime-prompt=runs/T129/prompts/tester-attempt-2.md
[2026-08-24T13:55:21Z] auto-run: step=tester done rc=0
[2026-08-24T13:55:21Z] auto-run: transition IMPLEMENTATION_APPROVED → TEST_COMPLETE
[2026-08-24T13:55:21Z] auto-run: auto-commit triggered (step=tester, include_code=True)
[2026-08-24T13:55:21Z] commit-checkpoint: unstaged runtime garbage: ['apps/api/node_modules/.vite/vitest/results.json', 'apps/web/node_modules/.vite/vitest/results.json', 'runs/T129/daemon.lock', 'runs/T129/runtime.log', 'runs/T129/workflow-status.md']
[2026-08-24T13:55:21Z] commit-checkpoint: sha=cfe00854 files=3 title='test(T129/workflow): tester — update 3 file(s)'
[2026-08-24T13:55:21Z] auto-run: auto-push triggered
[2026-08-24T13:55:21Z] push: tolerating runtime dirty files (not blocking): ['apps/api/node_modules/.vite/vitest/results.json', 'apps/web/node_modules/.vite/vitest/results.json', 'runs/T129/daemon.lock', 'runs/T129/runtime.log', 'runs/T129/workflow-status.md']
[2026-08-24T13:55:21Z] push: pushing branch=ticket/T129-build-personalized-series-page-with-exploitation-a
[2026-08-24T13:55:23Z] push: done branch=ticket/T129-build-personalized-series-page-with-exploitation-a
[2026-08-24T13:55:24Z] auto-run: TEST_COMPLETE — running PR lifecycle
[2026-08-24T13:57:56Z] auto-run: step=tester done rc=0
[2026-08-24T13:57:56Z] auto-run: transition IMPLEMENTATION_APPROVED → TEST_COMPLETE
[2026-08-24T13:57:56Z] auto-run: auto-commit triggered (step=tester, include_code=True)
[2026-08-24T13:57:56Z] commit-checkpoint: unstaged runtime garbage: ['runs/T129/daemon.lock', 'runs/T129/runtime.log', 'runs/T129/workflow-status.md']
[2026-08-24T13:57:56Z] commit-checkpoint: sha=92a27b8a files=2 title='test(T129/workflow): tester — update 2 file(s)'
[2026-08-24T13:57:56Z] auto-run: auto-push triggered
[2026-08-24T13:57:56Z] push: tolerating runtime dirty files (not blocking): ['runs/T129/daemon.lock', 'runs/T129/runtime.log', 'runs/T129/workflow-status.md']
[2026-08-24T13:57:56Z] push: pushing branch=ticket/T129-build-personalized-series-page-with-exploitation-a
[2026-08-24T13:57:58Z] push: done branch=ticket/T129-build-personalized-series-page-with-exploitation-a
[2026-08-24T13:57:59Z] auto-run: TEST_COMPLETE — running PR lifecycle
[2026-08-24T14:00:20Z] conflict-resolver: [pass 1/3] conflicted=['apps/api/src/services/series-page-service.ts'] | staged=['apps/api/src/services/series-page-service.ts'] | unresolved=[] | continue_rc=1 | next_source=[]
[2026-08-24T14:00:20Z] conflict-resolver: all conflicts resolved after 1 pass(es)
[2026-08-24T14:00:20Z] conflict-resolver: running tests
[2026-08-24T14:00:20Z] conflict-resolver: test-report written: runs/T129/conflict/test-report.md
[2026-08-24T14:00:20Z] conflict-resolver: staging and committing resolution artifacts
[2026-08-24T14:00:20Z] conflict-resolver: commit: sha=373efb41
[2026-08-24T14:00:20Z] conflict-resolver: git push --force-with-lease origin ticket/T129-build-personalized-series-page-with-exploitation-a
[2026-08-24T14:00:22Z] conflict-resolver: push succeeded
[2026-08-24T14:00:22Z] conflict-resolver: state → CONFLICT_RESOLVED_REVIEW_NEEDED
[2026-08-24T14:00:22Z] auto-finalize-conflict: gate disabled for project='iptvflix'
[2026-08-24T14:00:22Z] conflict-resolver: transition CONFLICT_RESOLVED_REVIEW_NEEDED → TEST_COMPLETE (auto, PROJECT_SETTING)
[2026-08-24T14:00:23Z] auto-run: TEST_COMPLETE — running PR lifecycle
