[2026-08-12T11:06:52Z] auto-run start: state=INIT
[2026-08-12T11:06:52Z] auto-run: running step=planner
[2026-08-12T11:06:57Z] auto-run: pre-planner rebase onto integration ok
[2026-08-12T11:06:57Z] prompt: resolved=prompts/generic/planner.md source=generic
[2026-08-12T11:06:57Z] prompt: generic fallback — injecting runs/T039/ticket.md
[2026-08-12T11:06:57Z] compose: global-context=docs/ai/global-context.md
[2026-08-12T11:06:57Z] compose: role=ai/roles/planner.md
[2026-08-12T11:06:57Z] compose: skill=ai/skills/workflow-discipline.md
[2026-08-12T11:06:57Z] compose: skill=ai/skills/architecture-discipline.md
[2026-08-12T11:06:57Z] compose: skill=ai/skills/documentation.md
[2026-08-12T11:06:57Z] compose: task (canonical prompt)
[2026-08-12T11:06:57Z] snapshot: runtime-prompt=runs/T039/prompts/planner-attempt-1.md
[2026-08-12T11:08:28Z] auto-run: step=planner done rc=0
[2026-08-12T11:25:43Z] auto-run start: state=IMPLEMENTATION_APPROVED
[2026-08-12T11:25:43Z] auto-run: running step=tester
[2026-08-12T11:25:45Z] auto-run: pre-tester rebase onto integration ok
[2026-08-12T11:25:45Z] prompt: resolved=prompts/generic/tester.md source=generic
[2026-08-12T11:25:45Z] prompt: generic fallback — injecting runs/T039/ticket.md
[2026-08-12T11:25:45Z] compose: global-context=docs/ai/global-context.md
[2026-08-12T11:25:45Z] compose: role=ai/roles/tester.md
[2026-08-12T11:25:45Z] compose: skill=ai/skills/workflow-discipline.md
[2026-08-12T11:25:45Z] compose: skill=ai/skills/testing.md
[2026-08-12T11:25:45Z] compose: skill=ai/skills/debugging.md
[2026-08-12T11:25:45Z] compose: task (canonical prompt)
[2026-08-12T11:25:45Z] snapshot: runtime-prompt=runs/T039/prompts/tester-attempt-1.md
[2026-08-12T11:29:56Z] auto-run: step=tester done rc=0
[2026-08-12T11:29:56Z] auto-run: transition IMPLEMENTATION_APPROVED → TEST_COMPLETE
[2026-08-12T11:29:56Z] auto-run: auto-commit triggered (step=tester, include_code=True)
[2026-08-12T11:29:56Z] commit-checkpoint: unstaged runtime garbage: ['apps/api/node_modules/.vite/vitest/results.json', 'runs/T039/daemon.lock', 'runs/T039/runtime.log', 'runs/T039/workflow-status.md']
[2026-08-12T11:29:56Z] commit-checkpoint: sha=2425904 files=3 title='test(T039/workflow): tester — update 3 file(s)'
[2026-08-12T11:29:56Z] auto-run: auto-push triggered
[2026-08-12T11:29:56Z] push: tolerating runtime dirty files (not blocking): ['apps/api/node_modules/.vite/vitest/results.json', 'runs/T039/daemon.lock', 'runs/T039/runtime.log', 'runs/T039/workflow-status.md']
[2026-08-12T11:29:56Z] push: pushing branch=ticket/T039-add-explicit-like-dislike-and-not-interested-feedb
[2026-08-12T11:29:58Z] push: done branch=ticket/T039-add-explicit-like-dislike-and-not-interested-feedb
[2026-08-12T11:29:58Z] auto-run: TEST_COMPLETE — running PR lifecycle
