[2026-08-18T13:31:11Z] auto-run start: state=INIT
[2026-08-18T13:31:11Z] auto-run: running step=planner
[2026-08-18T13:31:16Z] auto-run: pre-planner rebase onto integration ok
[2026-08-18T13:31:16Z] prompt: resolved=prompts/generic/planner.md source=generic
[2026-08-18T13:31:16Z] prompt: generic fallback — injecting runs/T107/ticket.md
[2026-08-18T13:31:16Z] compose: global-context=docs/ai/global-context.md
[2026-08-18T13:31:16Z] compose: role=ai/roles/planner.md
[2026-08-18T13:31:16Z] compose: skill=ai/skills/workflow-discipline.md
[2026-08-18T13:31:16Z] compose: skill=ai/skills/architecture-discipline.md
[2026-08-18T13:31:16Z] compose: skill=ai/skills/documentation.md
[2026-08-18T13:31:16Z] compose: task (canonical prompt)
[2026-08-18T13:31:16Z] snapshot: runtime-prompt=runs/T107/prompts/planner-attempt-1.md
[2026-08-18T13:36:53Z] compose: preferring on-disk runs/T107/plan.md over chatty stdout (agent Write beat meta-report)
[2026-08-18T13:36:53Z] auto-run: step=planner done rc=0
[2026-08-18T14:16:36Z] conflict-resolver: git rebase origin/main exit=0
[2026-08-18T14:16:36Z] conflict-resolver: rebase clean — no conflicts
[2026-08-18T14:16:36Z] conflict-resolver: running tests
[2026-08-18T14:16:36Z] conflict-resolver: test-report written: runs/T107/conflict/test-report.md
[2026-08-18T14:16:36Z] conflict-resolver: staging and committing resolution artifacts
[2026-08-18T14:27:50Z] conflict-resolver: git rebase origin/main exit=0
[2026-08-18T14:27:50Z] conflict-resolver: rebase clean — no conflicts
[2026-08-18T14:27:50Z] conflict-resolver: running tests
[2026-08-18T14:27:50Z] conflict-resolver: test-report written: runs/T107/conflict/test-report.md
[2026-08-18T14:27:50Z] conflict-resolver: staging and committing resolution artifacts
[2026-08-18T14:29:18Z] auto-run start: state=IMPLEMENTATION_APPROVED
[2026-08-18T14:29:18Z] auto-run: running step=tester
[2026-08-18T14:29:19Z] auto-run: pre-tester rebase onto integration ok
[2026-08-18T14:29:19Z] prompt: resolved=prompts/generic/tester.md source=generic
[2026-08-18T14:29:19Z] prompt: generic fallback — injecting runs/T107/ticket.md
[2026-08-18T14:29:19Z] compose: global-context=docs/ai/global-context.md
[2026-08-18T14:29:19Z] compose: role=ai/roles/tester.md
[2026-08-18T14:29:19Z] compose: skill=ai/skills/workflow-discipline.md
[2026-08-18T14:29:19Z] compose: skill=ai/skills/testing.md
[2026-08-18T14:29:19Z] compose: skill=ai/skills/debugging.md
[2026-08-18T14:29:19Z] compose: task (canonical prompt)
[2026-08-18T14:29:19Z] snapshot: runtime-prompt=runs/T107/prompts/tester-attempt-1.md
[2026-08-18T14:37:18Z] auto-run: step=tester done rc=0
[2026-08-18T14:37:18Z] auto-run: transition IMPLEMENTATION_APPROVED → TEST_COMPLETE
[2026-08-18T14:37:18Z] auto-run: auto-commit triggered (step=tester, include_code=True)
[2026-08-18T14:37:18Z] commit-checkpoint: unstaged runtime garbage: ['apps/api/node_modules/.vite/vitest/results.json', 'runs/T107/daemon.lock', 'runs/T107/runtime.log', 'runs/T107/workflow-status.md']
[2026-08-18T14:37:18Z] commit-checkpoint: sha=55b4120c files=3 title='test(T107/workflow): tester — update 3 file(s)'
[2026-08-18T14:37:18Z] auto-run: auto-push triggered
[2026-08-18T14:37:18Z] push: tolerating runtime dirty files (not blocking): ['apps/api/node_modules/.vite/vitest/results.json', 'runs/T107/daemon.lock', 'runs/T107/runtime.log', 'runs/T107/workflow-status.md']
[2026-08-18T14:37:18Z] push: pushing branch=ticket/T107-build-infinite-personalized-home-shelves-with-curs
[2026-08-18T14:37:21Z] push: done branch=ticket/T107-build-infinite-personalized-home-shelves-with-curs
[2026-08-18T14:37:22Z] auto-run: TEST_COMPLETE — running PR lifecycle
