[2026-08-18T12:44:11Z] auto-run start: state=INIT
[2026-08-18T12:44:11Z] auto-run: running step=planner
[2026-08-18T12:44:17Z] auto-run: pre-planner rebase onto integration ok
[2026-08-18T12:44:18Z] prompt: resolved=prompts/generic/planner.md source=generic
[2026-08-18T12:44:18Z] prompt: generic fallback — injecting runs/T095/ticket.md
[2026-08-18T12:44:18Z] compose: global-context=docs/ai/global-context.md
[2026-08-18T12:44:18Z] compose: role=ai/roles/planner.md
[2026-08-18T12:44:18Z] compose: skill=ai/skills/workflow-discipline.md
[2026-08-18T12:44:18Z] compose: skill=ai/skills/architecture-discipline.md
[2026-08-18T12:44:18Z] compose: skill=ai/skills/documentation.md
[2026-08-18T12:44:18Z] compose: task (canonical prompt)
[2026-08-18T12:44:18Z] snapshot: runtime-prompt=runs/T095/prompts/planner-attempt-1.md
[2026-08-18T12:50:19Z] auto-run: step=planner done rc=0
[2026-08-18T12:53:54Z] conflict-resolver: git rebase origin/main exit=0
[2026-08-18T12:53:54Z] conflict-resolver: rebase clean — no conflicts
[2026-08-18T12:53:54Z] conflict-resolver: running tests
[2026-08-18T12:53:54Z] conflict-resolver: test-report written: runs/T095/conflict/test-report.md
[2026-08-18T12:53:54Z] conflict-resolver: staging and committing resolution artifacts
[2026-08-18T13:22:55Z] conflict-resolver: git rebase origin/main exit=0
[2026-08-18T13:22:55Z] conflict-resolver: rebase clean — no conflicts
[2026-08-18T13:22:55Z] conflict-resolver: running tests
[2026-08-18T13:22:55Z] conflict-resolver: test-report written: runs/T095/conflict/test-report.md
[2026-08-18T13:22:55Z] conflict-resolver: staging and committing resolution artifacts
[2026-08-18T13:38:04Z] conflict-resolver: [pass 1] mechanical migration fix advanced next_source=[]
[2026-08-18T13:38:04Z] conflict-resolver: all conflicts resolved after 1 pass(es)
[2026-08-18T13:38:04Z] conflict-resolver: running tests
[2026-08-18T13:38:04Z] conflict-resolver: test-report written: runs/T095/conflict/test-report.md
[2026-08-18T13:38:04Z] conflict-resolver: staging and committing resolution artifacts
[2026-08-18T13:50:21Z] conflict-resolver: git rebase origin/main exit=0
[2026-08-18T13:50:21Z] conflict-resolver: rebase clean — no conflicts
[2026-08-18T13:50:21Z] conflict-resolver: running tests
[2026-08-18T13:50:21Z] conflict-resolver: test-report written: runs/T095/conflict/test-report.md
[2026-08-18T13:50:21Z] conflict-resolver: staging and committing resolution artifacts
[2026-08-18T13:51:45Z] auto-run start: state=IMPLEMENTATION_APPROVED
[2026-08-18T13:51:45Z] auto-run: running step=tester
[2026-08-18T13:51:46Z] auto-run: pre-tester rebase onto integration ok
[2026-08-18T13:51:46Z] prompt: resolved=prompts/generic/tester.md source=generic
[2026-08-18T13:51:46Z] prompt: generic fallback — injecting runs/T095/ticket.md
[2026-08-18T13:51:46Z] compose: global-context=docs/ai/global-context.md
[2026-08-18T13:51:46Z] compose: role=ai/roles/tester.md
[2026-08-18T13:51:46Z] compose: skill=ai/skills/workflow-discipline.md
[2026-08-18T13:51:46Z] compose: skill=ai/skills/testing.md
[2026-08-18T13:51:46Z] compose: skill=ai/skills/debugging.md
[2026-08-18T13:51:46Z] compose: task (canonical prompt)
[2026-08-18T13:51:46Z] snapshot: runtime-prompt=runs/T095/prompts/tester-attempt-1.md
[2026-08-18T13:57:48Z] auto-run: step=tester done rc=0
[2026-08-18T13:57:48Z] auto-run: transition IMPLEMENTATION_APPROVED → TEST_COMPLETE
[2026-08-18T13:57:48Z] auto-run: auto-commit triggered (step=tester, include_code=True)
[2026-08-18T13:57:49Z] commit-checkpoint: unstaged runtime garbage: ['apps/api/node_modules/.vite/vitest/results.json', 'apps/web/node_modules/.vite/vitest/results.json', 'runs/T095/daemon.lock', 'runs/T095/runtime.log', 'runs/T095/workflow-status.md']
[2026-08-18T13:57:49Z] commit-checkpoint: sha=053d14a3 files=3 title='test(T095/workflow): tester — update 3 file(s)'
[2026-08-18T13:57:49Z] auto-run: auto-push triggered
[2026-08-18T13:57:49Z] push: tolerating runtime dirty files (not blocking): ['apps/api/node_modules/.vite/vitest/results.json', 'apps/web/node_modules/.vite/vitest/results.json', 'runs/T095/daemon.lock', 'runs/T095/runtime.log', 'runs/T095/workflow-status.md']
[2026-08-18T13:57:49Z] push: pushing branch=ticket/T095-improve-continue-watching-cards-with-direct-resume
[2026-08-18T13:57:51Z] push: done branch=ticket/T095-improve-continue-watching-cards-with-direct-resume
[2026-08-18T13:57:51Z] auto-run: TEST_COMPLETE — running PR lifecycle
