[2026-08-12T09:03:38Z] auto-run start: state=INIT
[2026-08-12T09:03:38Z] auto-run: running step=planner
[2026-08-12T09:03:40Z] auto-run: pre-planner rebase onto integration ok
[2026-08-12T09:03:40Z] prompt: resolved=prompts/generic/planner.md source=generic
[2026-08-12T09:03:40Z] prompt: generic fallback — injecting runs/T035/ticket.md
[2026-08-12T09:03:40Z] compose: global-context=docs/ai/global-context.md
[2026-08-12T09:03:40Z] compose: role=ai/roles/planner.md
[2026-08-12T09:03:40Z] compose: skill=ai/skills/workflow-discipline.md
[2026-08-12T09:03:40Z] compose: skill=ai/skills/architecture-discipline.md
[2026-08-12T09:03:40Z] compose: skill=ai/skills/documentation.md
[2026-08-12T09:03:40Z] compose: task (canonical prompt)
[2026-08-12T09:03:40Z] snapshot: runtime-prompt=runs/T035/prompts/planner-attempt-1.md
[2026-08-12T09:09:12Z] auto-run: step=planner done rc=0
[2026-08-12T09:19:53Z] conflict-resolver: git rebase origin/main exit=0
[2026-08-12T09:19:53Z] conflict-resolver: rebase clean — no conflicts
[2026-08-12T09:19:53Z] conflict-resolver: running tests
[2026-08-12T09:19:53Z] conflict-resolver: test-report written: runs/T035/conflict/test-report.md
[2026-08-12T09:19:53Z] conflict-resolver: staging and committing resolution artifacts
[2026-08-12T09:22:58Z] conflict-resolver: [pass 1/3] conflicted=['apps/api/src/services/catalog-sync-service.ts'] | staged=['apps/api/src/services/catalog-sync-service.ts'] | unresolved=[] | continue_rc=1 | next_source=[]
[2026-08-12T09:22:58Z] conflict-resolver: all conflicts resolved after 1 pass(es)
[2026-08-12T09:22:58Z] conflict-resolver: running tests
[2026-08-12T09:22:58Z] conflict-resolver: test-report written: runs/T035/conflict/test-report.md
[2026-08-12T09:22:58Z] conflict-resolver: staging and committing resolution artifacts
[2026-08-12T09:35:39Z] conflict-resolver: git rebase origin/main exit=0
[2026-08-12T09:35:39Z] conflict-resolver: rebase clean — no conflicts
[2026-08-12T09:35:39Z] conflict-resolver: running tests
[2026-08-12T09:35:39Z] conflict-resolver: test-report written: runs/T035/conflict/test-report.md
[2026-08-12T09:35:39Z] conflict-resolver: staging and committing resolution artifacts
[2026-08-12T09:36:15Z] auto-run start: state=IMPLEMENTATION_APPROVED
[2026-08-12T09:36:15Z] auto-run: running step=tester
[2026-08-12T09:36:16Z] auto-run: pre-tester rebase onto integration ok
[2026-08-12T09:36:16Z] prompt: resolved=prompts/generic/tester.md source=generic
[2026-08-12T09:36:16Z] prompt: generic fallback — injecting runs/T035/ticket.md
[2026-08-12T09:36:16Z] compose: global-context=docs/ai/global-context.md
[2026-08-12T09:36:16Z] compose: role=ai/roles/tester.md
[2026-08-12T09:36:16Z] compose: skill=ai/skills/workflow-discipline.md
[2026-08-12T09:36:16Z] compose: skill=ai/skills/testing.md
[2026-08-12T09:36:16Z] compose: skill=ai/skills/debugging.md
[2026-08-12T09:36:16Z] compose: task (canonical prompt)
[2026-08-12T09:36:16Z] snapshot: runtime-prompt=runs/T035/prompts/tester-attempt-1.md
[2026-08-12T09:38:48Z] auto-run: step=tester done rc=0
[2026-08-12T09:38:48Z] auto-run: transition IMPLEMENTATION_APPROVED → TEST_COMPLETE
[2026-08-12T09:38:48Z] auto-run: auto-commit triggered (step=tester, include_code=True)
[2026-08-12T09:38:48Z] commit-checkpoint: unstaged runtime garbage: ['apps/api/node_modules/.vite/vitest/results.json', 'runs/T035/daemon.lock', 'runs/T035/runtime.log', 'runs/T035/workflow-status.md']
[2026-08-12T09:38:48Z] commit-checkpoint: sha=5c39f41 files=3 title='test(T035/workflow): tester — update 3 file(s)'
[2026-08-12T09:38:48Z] auto-run: auto-push triggered
[2026-08-12T09:38:48Z] push: tolerating runtime dirty files (not blocking): ['apps/api/node_modules/.vite/vitest/results.json', 'runs/T035/daemon.lock', 'runs/T035/runtime.log', 'runs/T035/workflow-status.md']
[2026-08-12T09:38:48Z] push: pushing branch=ticket/T035-extend-source-availability-lifecycle-to-episode-tr
[2026-08-12T09:38:50Z] push: done branch=ticket/T035-extend-source-availability-lifecycle-to-episode-tr
[2026-08-12T09:38:50Z] auto-run: TEST_COMPLETE — running PR lifecycle
